Component: ARM Compiler 5.06 update 7 (build 960) Tool: armlink [4d3601]

==============================================================================

Section Cross References

    startup_stm32f10x_md.o(STACK) refers (Special) to heapauxi.o(.text) for __use_two_region_memory
    startup_stm32f10x_md.o(HEAP) refers (Special) to heapauxi.o(.text) for __use_two_region_memory
    startup_stm32f10x_md.o(RESET) refers (Special) to heapauxi.o(.text) for __use_two_region_memory
    startup_stm32f10x_md.o(RESET) refers to startup_stm32f10x_md.o(STACK) for __initial_sp
    startup_stm32f10x_md.o(RESET) refers to startup_stm32f10x_md.o(.text) for Reset_Handler
    startup_stm32f10x_md.o(RESET) refers to stm32f10x_it.o(i.NMI_Handler) for NMI_Handler
    startup_stm32f10x_md.o(RESET) refers to stm32f10x_it.o(i.HardFault_Handler) for HardFault_Handler
    startup_stm32f10x_md.o(RESET) refers to stm32f10x_it.o(i.MemManage_Handler) for MemManage_Handler
    startup_stm32f10x_md.o(RESET) refers to stm32f10x_it.o(i.BusFault_Handler) for BusFault_Handler
    startup_stm32f10x_md.o(RESET) refers to stm32f10x_it.o(i.UsageFault_Handler) for UsageFault_Handler
    startup_stm32f10x_md.o(RESET) refers to stm32f10x_it.o(i.SVC_Handler) for SVC_Handler
    startup_stm32f10x_md.o(RESET) refers to stm32f10x_it.o(i.DebugMon_Handler) for DebugMon_Handler
    startup_stm32f10x_md.o(RESET) refers to stm32f10x_it.o(i.PendSV_Handler) for PendSV_Handler
    startup_stm32f10x_md.o(RESET) refers to systick.o(i.SysTick_Handler) for SysTick_Handler
    startup_stm32f10x_md.o(RESET) refers to wwdg.o(i.WWDG_IRQHandler) for WWDG_IRQHandler
    startup_stm32f10x_md.o(RESET) refers to cs100a.o(i.EXTI4_IRQHandler) for EXTI4_IRQHandler
    startup_stm32f10x_md.o(RESET) refers to mqx.o(i.EXTI9_5_IRQHandler) for EXTI9_5_IRQHandler
    startup_stm32f10x_md.o(RESET) refers to usart.o(i.USART1_IRQHandler) for USART1_IRQHandler
    startup_stm32f10x_md.o(RESET) refers to usart2_dma.o(i.USART2_IRQHandler) for USART2_IRQHandler
    startup_stm32f10x_md.o(.text) refers (Special) to heapauxi.o(.text) for __use_two_region_memory
    startup_stm32f10x_md.o(.text) refers to system_stm32f10x.o(i.SystemInit) for SystemInit
    startup_stm32f10x_md.o(.text) refers to __main.o(!!!main) for __main
    startup_stm32f10x_md.o(.text) refers to startup_stm32f10x_md.o(HEAP) for Heap_Mem
    startup_stm32f10x_md.o(.text) refers to startup_stm32f10x_md.o(STACK) for Stack_Mem
    stm32f10x_gpio.o(i.GPIO_AFIODeInit) refers to stm32f10x_rcc.o(i.RCC_APB2PeriphResetCmd) for RCC_APB2PeriphResetCmd
    stm32f10x_gpio.o(i.GPIO_DeInit) refers to stm32f10x_rcc.o(i.RCC_APB2PeriphResetCmd) for RCC_APB2PeriphResetCmd
    stm32f10x_rcc.o(i.RCC_GetClocksFreq) refers to stm32f10x_rcc.o(.data) for APBAHBPrescTable
    stm32f10x_rcc.o(i.RCC_WaitForHSEStartUp) refers to stm32f10x_rcc.o(i.RCC_GetFlagStatus) for RCC_GetFlagStatus
    stm32f10x_tim.o(i.TIM_DeInit) refers to stm32f10x_rcc.o(i.RCC_APB2PeriphResetCmd) for RCC_APB2PeriphResetCmd
    stm32f10x_tim.o(i.TIM_DeInit) refers to stm32f10x_rcc.o(i.RCC_APB1PeriphResetCmd) for RCC_APB1PeriphResetCmd
    stm32f10x_tim.o(i.TIM_ETRClockMode1Config) refers to stm32f10x_tim.o(i.TIM_ETRConfig) for TIM_ETRConfig
    stm32f10x_tim.o(i.TIM_ETRClockMode2Config) refers to stm32f10x_tim.o(i.TIM_ETRConfig) for TIM_ETRConfig
    stm32f10x_tim.o(i.TIM_ICInit) refers to stm32f10x_tim.o(i.TI1_Config) for TI1_Config
    stm32f10x_tim.o(i.TIM_ICInit) refers to stm32f10x_tim.o(i.TIM_SetIC1Prescaler) for TIM_SetIC1Prescaler
    stm32f10x_tim.o(i.TIM_ICInit) refers to stm32f10x_tim.o(i.TI2_Config) for TI2_Config
    stm32f10x_tim.o(i.TIM_ICInit) refers to stm32f10x_tim.o(i.TIM_SetIC2Prescaler) for TIM_SetIC2Prescaler
    stm32f10x_tim.o(i.TIM_ICInit) refers to stm32f10x_tim.o(i.TI3_Config) for TI3_Config
    stm32f10x_tim.o(i.TIM_ICInit) refers to stm32f10x_tim.o(i.TIM_SetIC3Prescaler) for TIM_SetIC3Prescaler
    stm32f10x_tim.o(i.TIM_ICInit) refers to stm32f10x_tim.o(i.TI4_Config) for TI4_Config
    stm32f10x_tim.o(i.TIM_ICInit) refers to stm32f10x_tim.o(i.TIM_SetIC4Prescaler) for TIM_SetIC4Prescaler
    stm32f10x_tim.o(i.TIM_ITRxExternalClockConfig) refers to stm32f10x_tim.o(i.TIM_SelectInputTrigger) for TIM_SelectInputTrigger
    stm32f10x_tim.o(i.TIM_PWMIConfig) refers to stm32f10x_tim.o(i.TI1_Config) for TI1_Config
    stm32f10x_tim.o(i.TIM_PWMIConfig) refers to stm32f10x_tim.o(i.TIM_SetIC1Prescaler) for TIM_SetIC1Prescaler
    stm32f10x_tim.o(i.TIM_PWMIConfig) refers to stm32f10x_tim.o(i.TI2_Config) for TI2_Config
    stm32f10x_tim.o(i.TIM_PWMIConfig) refers to stm32f10x_tim.o(i.TIM_SetIC2Prescaler) for TIM_SetIC2Prescaler
    stm32f10x_tim.o(i.TIM_TIxExternalClockConfig) refers to stm32f10x_tim.o(i.TI2_Config) for TI2_Config
    stm32f10x_tim.o(i.TIM_TIxExternalClockConfig) refers to stm32f10x_tim.o(i.TI1_Config) for TI1_Config
    stm32f10x_tim.o(i.TIM_TIxExternalClockConfig) refers to stm32f10x_tim.o(i.TIM_SelectInputTrigger) for TIM_SelectInputTrigger
[...]
    .ARM.Collect$$libinit$$00000023          0x0800020e   Section        0  libinit2.o(.ARM.Collect$$libinit$$00000023)
    .ARM.Collect$$libinit$$00000025          0x0800020e   Section        0  libinit2.o(.ARM.Collect$$libinit$$00000025)
    .ARM.Collect$$libinit$$0000002C          0x0800020e   Section        0  libinit2.o(.ARM.Collect$$libinit$$0000002C)
    .ARM.Collect$$libinit$$0000002E          0x0800020e   Section        0  libinit2.o(.ARM.Collect$$libinit$$0000002E)
    .ARM.Collect$$libinit$$00000030          0x0800020e   Section        0  libinit2.o(.ARM.Collect$$libinit$$00000030)
    .ARM.Collect$$libinit$$00000032          0x0800020e   Section        0  libinit2.o(.ARM.Collect$$libinit$$00000032)
    .ARM.Collect$$libinit$$00000033          0x0800020e   Section        2  libinit2.o(.ARM.Collect$$libinit$$00000033)
    .ARM.Collect$$libshutdown$$00000000      0x08000210   Section        2  libshutdown.o(.ARM.Collect$$libshutdown$$00000000)
    .ARM.Collect$$libshutdown$$00000002      0x08000212   Section        0  libshutdown2.o(.ARM.Collect$$libshutdown$$00000002)
    .ARM.Collect$$libshutdown$$00000004      0x08000212   Section        0  libshutdown2.o(.ARM.Collect$$libshutdown$$00000004)
    .ARM.Collect$$libshutdown$$00000006      0x08000212   Section        0  libshutdown2.o(.ARM.Collect$$libshutdown$$00000006)
    .ARM.Collect$$libshutdown$$00000009      0x08000212   Section        0  libshutdown2.o(.ARM.Collect$$libshutdown$$00000009)
    .ARM.Collect$$libshutdown$$0000000C      0x08000212   Section        0  libshutdown2.o(.ARM.Collect$$libshutdown$$0000000C)
    .ARM.Collect$$libshutdown$$0000000E      0x08000212   Section        0  libshutdown2.o(.ARM.Collect$$libshutdown$$0000000E)
    .ARM.Collect$$libshutdown$$00000011      0x08000212   Section        0  libshutdown2.o(.ARM.Collect$$libshutdown$$00000011)
    .ARM.Collect$$libshutdown$$00000012      0x08000212   Section        2  libshutdown2.o(.ARM.Collect$$libshutdown$$00000012)
    .ARM.Collect$$rtentry$$00000000          0x08000214   Section        0  __rtentry.o(.ARM.Collect$$rtentry$$00000000)
    .ARM.Collect$$rtentry$$00000002          0x08000214   Section        0  __rtentry2.o(.ARM.Collect$$rtentry$$00000002)
    .ARM.Collect$$rtentry$$00000004          0x08000214   Section        6  __rtentry4.o(.ARM.Collect$$rtentry$$00000004)
    .ARM.Collect$$rtentry$$00000009          0x0800021a   Section        0  __rtentry2.o(.ARM.Collect$$rtentry$$00000009)
    .ARM.Collect$$rtentry$$0000000A          0x0800021a   Section        4  __rtentry2.o(.ARM.Collect$$rtentry$$0000000A)
    .ARM.Collect$$rtentry$$0000000C          0x0800021e   Section        0  __rtentry2.o(.ARM.Collect$$rtentry$$0000000C)
    .ARM.Collect$$rtentry$$0000000D          0x0800021e   Section        8  __rtentry2.o(.ARM.Collect$$rtentry$$0000000D)
    .ARM.Collect$$rtexit$$00000000           0x08000226   Section        2  rtexit.o(.ARM.Collect$$rtexit$$00000000)
    .ARM.Collect$$rtexit$$00000002           0x08000228   Section        0  rtexit2.o(.ARM.Collect$$rtexit$$00000002)
    .ARM.Collect$$rtexit$$00000003           0x08000228   Section        4  rtexit2.o(.ARM.Collect$$rtexit$$00000003)
    .ARM.Collect$$rtexit$$00000004           0x0800022c   Section        6  rtexit2.o(.ARM.Collect$$rtexit$$00000004)
    .text                                    0x08000234   Section       64  startup_stm32f10x_md.o(.text)
    .text                                    0x08000274   Section        2  use_no_semi_2.o(.text)
    .text                                    0x08000278   Section        0  c89vsnprintf.o(.text)
    .text                                    0x080002ac   Section        0  __2printf.o(.text)
    .text                                    0x080002c4   Section        0  __2sprintf.o(.text)
    .text                                    0x080002f0   Section        0  _printf_pad.o(.text)
    .text                                    0x0800033e   Section        0  _printf_str.o(.text)
    .text                                    0x08000390   Section        0  _printf_dec.o(.text)
    .text                                    0x08000408   Section        0  __printf_flags_ss_wp.o(.text)
    .text                                    0x08000590   Section        0  heapauxi.o(.text)
    .text                                    0x08000596   Section        2  use_no_semi.o(.text)
    .text                                    0x08000598   Section        0  _printf_truncate.o(.text)
    .text                                    0x080005bc   Section        0  _printf_intcommon.o(.text)
    .text                                    0x0800066e   Section        0  _printf_charcount.o(.text)
    .text                                    0x08000698   Section        0  _printf_char_common.o(.text)
    _printf_input_char                       0x08000699   Thumb Code    10  _printf_char_common.o(.text)
    .text                                    0x080006c8   Section        0  _sputc.o(.text)
    .text                                    0x080006d2   Section        0  _snputc.o(.text)
    .text                                    0x080006e2   Section        0  _printf_char.o(.text)
    .text                                    0x08000710   Section        0  _printf_char_file.o(.text)
    .text                                    0x08000734   Section        0  _printf_wctomb.o(.text)
    .text                                    0x080007f0   Section        0  _printf_longlong_dec.o(.text)
    .text                                    0x0800086c   Section        0  _printf_oct_int_ll.o(.text)
    _printf_longlong_oct_internal            0x0800086d   Thumb Code     0  _printf_oct_int_ll.o(.text)
    .text                                    0x080008dc   Section        0  _printf_hex_int_ll_ptr.o(.text)
    _printf_hex_common                       0x080008dd   Thumb Code     0  _printf_hex_int_ll_ptr.o(.text)
    .text                                    0x08000970   Section        8  libspace.o(.text)
    .text                                    0x08000978   Section      138  lludiv10.o(.text)
    .text                                    0x08000a02   Section        0  _printf_fp_dec.o(.text)
    _fp_digits                               0x08000a05   Thumb Code   432  _printf_fp_dec.o(.text)
    .text                                    0x08000e20   Section        0  _printf_wchar.o(.text)
    .text                                    0x08000e4c   Section        0  ferror.o(.text)
    .text                                    0x08000e54   Section        0  _wcrtomb.o(.text)
    .text                                    0x08000e94   Section       74  sys_stackheap_outer.o(.text)
    .text                                    0x08000ee0   Section       16  rt_ctype_table.o(.text)
    .text                                    0x08000ef0   Section        8  rt_locale_intlibspace.o(.text)
    .text                                    0x08000ef8   Section        0  _printf_fp_infnan.o(.text)
    .text                                    0x08000f78   Section        0  bigflt0.o(.text)
    .text                                    0x0800105c   Section        0  exit.o(.text)
    .text                                    0x08001070   Section      128  strcmpv7m.o(.text)
    CL$$btod_d2e                             0x080010f0   Section       62  btod.o(CL$$btod_d2e)
    CL$$btod_d2e_denorm_low                  0x0800112e   Section       70  btod.o(CL$$btod_d2e_denorm_low)
    CL$$btod_d2e_norm_op1                    0x08001174   Section       96  btod.o(CL$$btod_d2e_norm_op1)
    CL$$btod_div_common                      0x080011d4   Section      824  btod.o(CL$$btod_div_common)
    CL$$btod_e2e                             0x0800150c   Section      220  btod.o(CL$$btod_e2e)
    CL$$btod_ediv                            0x080015e8   Section       42  btod.o(CL$$btod_ediv)
    CL$$btod_emul                            0x08001612   Section       42  btod.o(CL$$btod_emul)
    CL$$btod_mult_common                     0x0800163c   Section      580  btod.o(CL$$btod_mult_common)
    i.BusFault_Handler                       0x08001880   Section        0  stm32f10x_it.o(i.BusFault_Handler)
    i.CSA_GetData                            0x08001884   Section        0  cs100a.o(i.CSA_GetData)
    i.CSA_GetOreData                         0x080018bc   Section        0  cs100a.o(i.CSA_GetOreData)
    i.CSA_Init                               0x080018e0   Section        0  cs100a.o(i.CSA_Init)
    i.CSA_SendTrig                           0x08001994   Section        0  cs100a.o(i.CSA_SendTrig)
    i.CS_Work                                0x080019b4   Section        0  main.o(i.CS_Work)
    i.Chrono                                 0x080019f8   Section        0  systick.o(i.Chrono)
    i.DHT11_Detect                           0x08001a68   Section        0  dht11.o(i.DHT11_Detect)
    i.DHT11_GetData                          0x08001b28   Section        0  dht11.o(i.DHT11_GetData)
    i.DHT11_Init                             0x08001b78   Section        0  dht11.o(i.DHT11_Init)
    i.DHT11_Read                             0x08001be8   Section        0  dht11.o(i.DHT11_Read)
    i.DHT11_Work                             0x08001d30   Section        0  main.o(i.DHT11_Work)
    i.DebugMon_Handler                       0x08001d50   Section        0  stm32f10x_it.o(i.DebugMon_Handler)
    i.Delay_ms                               0x08001d54   Section        0  systick.o(i.Delay_ms)
    i.Delay_us                               0x08001d8c   Section        0  systick.o(i.Delay_us)
    i.EXTI4_IRQHandler                       0x08001dd0   Section        0  cs100a.o(i.EXTI4_IRQHandler)
    i.EXTI9_5_IRQHandler                     0x08001e08   Section        0  mqx.o(i.EXTI9_5_IRQHandler)
    i.EXTI_ClearITPendingBit                 0x08001e2c   Section        0  stm32f10x_exti.o(i.EXTI_ClearITPendingBit)
    i.EXTI_Init                              0x08001e38   Section        0  stm32f10x_exti.o(i.EXTI_Init)
    i.GPIO_EXTILineConfig                    0x08001ecc   Section        0  stm32f10x_gpio.o(i.GPIO_EXTILineConfig)
    i.GPIO_Init                              0x08001f0c   Section        0  stm32f10x_gpio.o(i.GPIO_Init)
    i.HX711_GetWeight                        0x08002024   Section        0  hx711.o(i.HX711_GetWeight)
    i.HX711_Init                             0x08002080   Section        0  hx711.o(i.HX711_Init)
    i.HX711_Read                             0x080020c0   Section        0  hx711.o(i.HX711_Read)
    i.HX711_Work                             0x08002128   Section        0  main.o(i.HX711_Work)
    i.HardFault_Handler                      0x08002148   Section        0  stm32f10x_it.o(i.HardFault_Handler)
    i.IDLE                                   0x0800214c   Section        0  wwdg.o(i.IDLE)
    i.IIC_Init                               0x08002160   Section        0  iic.o(i.IIC_Init)
    i.IIC_Send_Byte                          0x080021a0   Section        0  iic.o(i.IIC_Send_Byte)
    i.IIC_Start                              0x08002208   Section        0  iic.o(i.IIC_Start)
    i.IIC_Stop                               0x08002254   Section        0  iic.o(i.IIC_Stop)
    i.IIC_Wait_Ack                           0x080022d8   Section        0  iic.o(i.IIC_Wait_Ack)
    i.MQX_work                               0x0800233c   Section        0  main.o(i.MQX_work)
    i.MQx_Init                               0x08002354   Section        0  mqx.o(i.MQx_Init)
    i.MemManage_Handler                      0x08002408   Section        0  stm32f10x_it.o(i.MemManage_Handler)
    i.NMI_Handler                            0x0800240c   Section        0  stm32f10x_it.o(i.NMI_Handler)
    i.NVIC_Init                              0x08002410   Section        0  misc.o(i.NVIC_Init)
    i.NVIC_PriorityGroupConfig               0x08002480   Section        0  misc.o(i.NVIC_PriorityGroupConfig)
    i.OLED_Clear                             0x08002494   Section        0  oled.o(i.OLED_Clear)
    i.OLED_Full                              0x0800249e   Section        0  oled.o(i.OLED_Full)
    i.OLED_Init                              0x080024d8   Section        0  oled.o(i.OLED_Init)
    i.OLED_SetPos                            0x0800258a   Section        0  oled.o(i.OLED_SetPos)
    i.OLED_ShowStr                           0x080025b4   Section        0  oled.o(i.OLED_ShowStr)
    i.OLED_WriteByte                         0x080026a4   Section        0  oled.o(i.OLED_WriteByte)
    i.PendSV_Handler                         0x080026d2   Section        0  stm32f10x_it.o(i.PendSV_Handler)
    i.RCC_APB1PeriphClockCmd                 0x080026d4   Section        0  stm32f10x_rcc.o(i.RCC_APB1PeriphClockCmd)
    i.RCC_APB2PeriphClockCmd                 0x080026f4   Section        0  stm32f10x_rcc.o(i.RCC_APB2PeriphClockCmd)
    i.RCC_GetClocksFreq                      0x08002714   Section        0  stm32f10x_rcc.o(i.RCC_GetClocksFreq)
    i.SVC_Handler                            0x080027e8   Section        0  stm32f10x_it.o(i.SVC_Handler)
    i.SetSysClock                            0x080027ea   Section        0  system_stm32f10x.o(i.SetSysClock)
    SetSysClock                              0x080027eb   Thumb Code     8  system_stm32f10x.o(i.SetSysClock)
    i.SetSysClockTo72                        0x080027f4   Section        0  system_stm32f10x.o(i.SetSysClockTo72)
    SetSysClockTo72                          0x080027f5   Thumb Code   214  system_stm32f10x.o(i.SetSysClockTo72)
    i.SysTick_CLKSourceConfig                0x080028d4   Section        0  misc.o(i.SysTick_CLKSourceConfig)
    i.SysTick_Handler                        0x080028fc   Section        0  systick.o(i.SysTick_Handler)
    i.SystemInit                             0x0800290c   Section        0  system_stm32f10x.o(i.SystemInit)
    i.SystickInit                            0x0800296c   Section        0  systick.o(i.SystickInit)
    i.USART1Init                             0x08002a00   Section        0  usart.o(i.USART1Init)
    i.USART1_IRQHandler                      0x08002aa0   Section        0  usart.o(i.USART1_IRQHandler)
    i.USART2Init                             0x08002af4   Section        0  usart2_dma.o(i.USART2Init)
    i.USART2_IRQHandler                      0x08002b98   Section        0  usart2_dma.o(i.USART2_IRQHandler)
    i.USART2_Printf                          0x08002c20   Section        0  usart2_dma.o(i.USART2_Printf)
    i.USART_ClearFlag                        0x08002c84   Section        0  stm32f10x_usart.o(i.USART_ClearFlag)
    i.USART_Cmd                              0x08002c96   Section        0  stm32f10x_usart.o(i.USART_Cmd)
    i.USART_GetFlagStatus                    0x08002cae   Section        0  stm32f10x_usart.o(i.USART_GetFlagStatus)
    i.USART_ITConfig                         0x08002cc8   Section        0  stm32f10x_usart.o(i.USART_ITConfig)
    i.USART_Init                             0x08002d14   Section        0  stm32f10x_usart.o(i.USART_Init)
    i.USART_ReceiveData                      0x08002dec   Section        0  stm32f10x_usart.o(i.USART_ReceiveData)
    i.USART_SendData                         0x08002df6   Section        0  stm32f10x_usart.o(i.USART_SendData)
    i.UsageFault_Handler                     0x08002dfe   Section        0  stm32f10x_it.o(i.UsageFault_Handler)
    i.WWDG_ClearFlag                         0x08002e04   Section        0  stm32f10x_wwdg.o(i.WWDG_ClearFlag)
    i.WWDG_Enable                            0x08002e10   Section        0  stm32f10x_wwdg.o(i.WWDG_Enable)
    i.WWDG_EnableIT                          0x08002e20   Section        0  stm32f10x_wwdg.o(i.WWDG_EnableIT)
    i.WWDG_IRQHandler                        0x08002e2c   Section        0  wwdg.o(i.WWDG_IRQHandler)
    i.WWDG_NVIC_Init                         0x08002e64   Section        0  wwdg.o(i.WWDG_NVIC_Init)
    i.WWDG_SetCounter                        0x08002e90   Section        0  stm32f10x_wwdg.o(i.WWDG_SetCounter)
    i.WWDG_SetPrescaler                      0x08002ea0   Section        0  stm32f10x_wwdg.o(i.WWDG_SetPrescaler)
    i.WWDG_SetWindowValue                    0x08002eb8   Section        0  stm32f10x_wwdg.o(i.WWDG_SetWindowValue)
    i.WriteCmd                               0x08002ee0   Section        0  oled.o(i.WriteCmd)
    i.WriteData                              0x08002eee   Section        0  oled.o(i.WriteData)
    i.__ARM_fpclassify                       0x08002efc   Section        0  fpclassify.o(i.__ARM_fpclassify)
    i._is_digit                              0x08002f24   Section        0  __printf_wp.o(i._is_digit)
    i._sys_exit                              0x08002f32   Section        0  usart.o(i._sys_exit)
    i.fputc                                  0x08002f38   Section        0  usart.o(i.fputc)
    i.main                                   0x08002f54   Section        0  main.o(i.main)
    i.periphInit                             0x08003170   Section        0  main.o(i.periphInit)
    i.wDelay_ms                              0x0800322c   Section        0  wwdg.o(i.wDelay_ms)
    i.wwdgInit                               0x08003264   Section        0  wwdg.o(i.wwdgInit)
    locale$$code                             0x080032bc   Section       44  lc_numeric_c.o(locale$$code)
    locale$$code                             0x080032e8   Section       44  lc_ctype_c.o(locale$$code)
    x$fpl$printf1                            0x08003314   Section        4  printf1.o(x$fpl$printf1)
    .constdata                               0x08003318   Section     2072  oled.o(.constdata)
    x$fpl$usenofp                            0x08003318   Section        0  usenofp.o(x$fpl$usenofp)
    .constdata                               0x08003b30   Section       17  __printf_flags_ss_wp.o(.constdata)
    maptable                                 0x08003b30   Data          17  __printf_flags_ss_wp.o(.constdata)
    .constdata                               0x08003b44   Section        8  _printf_wctomb.o(.constdata)
    initial_mbstate                          0x08003b44   Data           8  _printf_wctomb.o(.constdata)
    .constdata                               0x08003b4c   Section       40  _printf_hex_int_ll_ptr.o(.constdata)
    uc_hextab                                0x08003b4c   Data          20  _printf_hex_int_ll_ptr.o(.constdata)
    lc_hextab                                0x08003b60   Data          20  _printf_hex_int_ll_ptr.o(.constdata)
    .constdata                               0x08003b74   Section      148  bigflt0.o(.constdata)
    tenpwrs_x                                0x08003b74   Data          60  bigflt0.o(.constdata)
    tenpwrs_i                                0x08003bb0   Data          64  bigflt0.o(.constdata)
    locale$$data                             0x08003c28   Section       28  lc_numeric_c.o(locale$$data)
    __lcnum_c_name                           0x08003c2c   Data           2  lc_numeric_c.o(locale$$data)
    __lcnum_c_start                          0x08003c34   Data           0  lc_numeric_c.o(locale$$data)
    __lcnum_c_point                          0x08003c40   Data           0  lc_numeric_c.o(locale$$data)
    __lcnum_c_thousands                      0x08003c42   Data           0  lc_numeric_c.o(locale$$data)
    __lcnum_c_grouping                       0x08003c43   Data           0  lc_numeric_c.o(locale$$data)
    locale$$data                             0x08003c44   Section      272  lc_ctype_c.o(locale$$data)
    __lcnum_c_end                            0x08003c44   Data           0  lc_numeric_c.o(locale$$data)
    __lcctype_c_name                         0x08003c48   Data           2  lc_ctype_c.o(locale$$data)
    __lcctype_c_start                        0x08003c50   Data           0  lc_ctype_c.o(locale$$data)
    __lcctype_c_end                          0x08003d54   Data           0  lc_ctype_c.o(locale$$data)
    .data                                    0x20000000   Section       20  stm32f10x_rcc.o(.data)
    APBAHBPrescTable                         0x20000000   Data          16  stm32f10x_rcc.o(.data)
    ADCPrescTable                            0x20000010   Data           4  stm32f10x_rcc.o(.data)
    .data                                    0x20000014   Section       20  system_stm32f10x.o(.data)
    .data                                    0x20000028   Section       12  main.o(.data)
    .data                                    0x20000034   Section       20  systick.o(.data)
    tick_now                                 0x20000034   Data           4  systick.o(.data)
    InterruptTime                            0x20000044   Data           4  systick.o(.data)
    .data                                    0x20000048   Section        6  usart.o(.data)
    .data                                    0x20000050   Section        8  usart2_dma.o(.data)
    .data                                    0x20000058   Section       21  wwdg.o(.data)
    delayCount                               0x2000005c   Data           4  wwdg.o(.data)
    wwdg_all_ticks                           0x20000060   Data           8  wwdg.o(.data)
    round                                    0x20000068   Data           4  wwdg.o(.data)
    .data                                    0x2000006d   Section        1  mqx.o(.data)
    .data                                    0x20000070   Section        6  cs100a.o(.data)
    time_period                              0x20000070   Data           4  cs100a.o(.data)
    mutex                                    0x20000074   Data           1  cs100a.o(.data)
    event                                    0x20000075   Data           1  cs100a.o(.data)
    .bss                                     0x20000078   Section       48  main.o(.bss)
    .bss                                     0x200000a8   Section       16  systick.o(.bss)
    .bss                                     0x200000b8   Section      528  usart2_dma.o(.bss)
    .bss                                     0x200002c8   Section       96  libspace.o(.bss)
    HEAP                                     0x20000328   Section      512  startup_stm32f10x_md.o(HEAP)
    Heap_Mem                                 0x20000328   Data         512  startup_stm32f10x_md.o(HEAP)
    STACK                                    0x20000528   Section     1024  startup_stm32f10x_md.o(STACK)
    Stack_Mem                                0x20000528   Data        1024  startup_stm32f10x_md.o(STACK)
    __initial_sp                             0x20000928   Data           0  startup_stm32f10x_md.o(STACK)

    Global Symbols

    Symbol Name                              Value     Ov Type        Size  Object(Section)

    BuildAttributes$$THM_ISAv4$P$D$K$B$S$PE$A:L22UL41UL21$X:L11$S22US41US21$IEEE1$IW$USESV6$~STKCKD$USESV7$~SHL$OTIME$ROPI$IEEEJ$EBA8$UX$STANDARDLIB$REQ8$PRES8$EABIv2 0x00000000   Number         0  anon$$obj.o ABSOLUTE
    __ARM_use_no_argv                        0x00000000   Number         0  main.o ABSOLUTE
    _printf_flags                            0x00000000   Number         0  printf_stubs.o ABSOLUTE
    _printf_return_value                     0x00000000   Number         0  printf_stubs.o ABSOLUTE
    _printf_sizespec                         0x00000000   Number         0  printf_stubs.o ABSOLUTE
    _printf_widthprec                        0x00000000   Number         0  printf_stubs.o ABSOLUTE
    __ARM_exceptions_init                     - Undefined Weak Reference
    __alloca_initialize                       - Undefined Weak Reference
    __arm_fini_                               - Undefined Weak Reference
    __arm_preinit_                            - Undefined Weak Reference
    __cpp_initialize__aeabi_                  - Undefined Weak Reference
    __cxa_finalize                            - Undefined Weak Reference
    __sigvec_lookup                           - Undefined Weak Reference
    __user_heap_extent                        - Undefined Weak Reference
    _atexit_init                              - Undefined Weak Reference
    _call_atexit_fns                          - Undefined Weak Reference
    _clock_init                               - Undefined Weak Reference
    _fp_trap_init                             - Undefined Weak Reference
    _fp_trap_shutdown                         - Undefined Weak Reference
    _get_lc_collate                           - Undefined Weak Reference
    _get_lc_monetary                          - Undefined Weak Reference
    _get_lc_time                              - Undefined Weak Reference
    _getenv_init                              - Undefined Weak Reference
    _handle_redirection                       - Undefined Weak Reference
    _initio                                   - Undefined Weak Reference
    _mutex_acquire                            - Undefined Weak Reference
    _mutex_free                               - Undefined Weak Reference
    _mutex_release                            - Undefined Weak Reference
    _printf_fp_hex                            - Undefined Weak Reference
    _printf_mbtowc                            - Undefined Weak Reference
    _printf_wc                                - Undefined Weak Reference
    _rand_init                                - Undefined Weak Reference
    _signal_finish                            - Undefined Weak Reference
    _signal_init                              - Undefined Weak Reference
    _terminateio                              - Undefined Weak Reference
    __Vectors_Size                           0x000000ec   Number         0  startup_stm32f10x_md.o ABSOLUTE
    __Vectors                                0x08000000   Data           4  startup_stm32f10x_md.o(RESET)
    __Vectors_End                            0x080000ec   Data           0  startup_stm32f10x_md.o(RESET)
    __main                                   0x080000ed   Thumb Code     8  __main.o(!!!main)
    __scatterload                            0x080000f5   Thumb Code     0  __scatter.o(!!!scatter)
    __scatterload_rt2                        0x080000f5   Thumb Code    44  __scatter.o(!!!scatter)
    __scatterload_rt2_thumb_only             0x080000f5   Thumb Code     0  __scatter.o(!!!scatter)
    __scatterload_null                       0x08000103   Thumb Code     0  __scatter.o(!!!scatter)
    __scatterload_copy                       0x08000129   Thumb Code    26  __scatter_copy.o(!!handler_copy)
    __scatterload_zeroinit                   0x08000145   Thumb Code    28  __scatter_zi.o(!!handler_zi)
    _printf_n                                0x08000161   Thumb Code     0  _printf_n.o(.ARM.Collect$$_printf_percent$$00000001)
    _printf_percent                          0x08000161   Thumb Code     0  _printf_percent.o(.ARM.Collect$$_printf_percent$$00000000)
    _printf_p                                0x08000167   Thumb Code     0  _printf_p.o(.ARM.Collect$$_printf_percent$$00000002)
    _printf_f                                0x0800016d   Thumb Code     0  _printf_f.o(.ARM.Collect$$_printf_percent$$00000003)
    _printf_e                                0x08000173   Thumb Code     0  _printf_e.o(.ARM.Collect$$_printf_percent$$00000004)
    _printf_g                                0x08000179   Thumb Code     0  _printf_g.o(.ARM.Collect$$_printf_percent$$00000005)
    _printf_a                                0x0800017f   Thumb Code     0  _printf_a.o(.ARM.Collect$$_printf_percent$$00000006)
    _printf_ll                               0x08000185   Thumb Code     0  _printf_ll.o(.ARM.Collect$$_printf_percent$$00000007)
    _printf_i                                0x0800018f   Thumb Code     0  _printf_i.o(.ARM.Collect$$_printf_percent$$00000008)
    _printf_d                                0x08000195   Thumb Code     0  _printf_d.o(.ARM.Collect$$_printf_percent$$00000009)
    _printf_u                                0x0800019b   Thumb Code     0  _printf_u.o(.ARM.Collect$$_printf_percent$$0000000A)
    _printf_o                                0x080001a1   Thumb Code     0  _printf_o.o(.ARM.Collect$$_printf_percent$$0000000B)
    _printf_x                                0x080001a7   Thumb Code     0  _printf_x.o(.ARM.Collect$$_printf_percent$$0000000C)
    _printf_lli                              0x080001ad   Thumb Code     0  _printf_lli.o(.ARM.Collect$$_printf_percent$$0000000D)
    _printf_lld                              0x080001b3   Thumb Code     0  _printf_lld.o(.ARM.Collect$$_printf_percent$$0000000E)
    _printf_llu                              0x080001b9   Thumb Code     0  _printf_llu.o(.ARM.Collect$$_printf_percent$$0000000F)
    _printf_llo                              0x080001bf   Thumb Code     0  _printf_llo.o(.ARM.Collect$$_printf_percent$$00000010)
    _printf_llx                              0x080001c5   Thumb Code     0  _printf_llx.o(.ARM.Collect$$_printf_percent$$00000011)
    _printf_l                                0x080001cb   Thumb Code     0  _printf_l.o(.ARM.Collect$$_printf_percent$$00000012)
    _printf_c                                0x080001d5   Thumb Code     0  _printf_c.o(.ARM.Collect$$_printf_percent$$00000013)
    _printf_s                                0x080001db   Thumb Code     0  _printf_s.o(.ARM.Collect$$_printf_percent$$00000014)
    _printf_lc                               0x080001e1   Thumb Code     0  _printf_lc.o(.ARM.Collect$$_printf_percent$$00000015)
    _printf_ls                               0x080001e7   Thumb Code     0  _printf_ls.o(.ARM.Collect$$_printf_percent$$00000016)
    _printf_percent_end                      0x080001ed   Thumb Code     0  _printf_percent_end.o(.ARM.Collect$$_printf_percent$$00000017)
    __rt_lib_init                            0x080001f1   Thumb Code     0  libinit.o(.ARM.Collect$$libinit$$00000000)
    __rt_lib_init_fp_1                       0x080001f3   Thumb Code     0  libinit2.o(.ARM.Collect$$libinit$$00000002)
    __rt_lib_init_heap_1                     0x080001f3   Thumb Code     0  libinit2.o(.ARM.Collect$$libinit$$0000000A)
    __rt_lib_init_lc_common                  0x080001f3   Thumb Code     0  libinit2.o(.ARM.Collect$$libinit$$0000000F)
    __rt_lib_init_preinit_1                  0x080001f3   Thumb Code     0  libinit2.o(.ARM.Collect$$libinit$$00000004)
    __rt_lib_init_rand_1                     0x080001f3   Thumb Code     0  libinit2.o(.ARM.Collect$$libinit$$0000000E)
    __rt_lib_init_user_alloc_1               0x080001f3   Thumb Code     0  libinit2.o(.ARM.Collect$$libinit$$0000000C)
    __rt_lib_init_lc_collate_1               0x080001f9   Thumb Code     0  libinit2.o(.ARM.Collect$$libinit$$00000011)
    __rt_lib_init_lc_ctype_2                 0x080001f9   Thumb Code     0  libinit2.o(.ARM.Collect$$libinit$$00000012)
    __rt_lib_init_lc_ctype_1                 0x08000205   Thumb Code     0  libinit2.o(.ARM.Collect$$libinit$$00000013)
    __rt_lib_init_lc_monetary_1              0x08000205   Thumb Code     0  libinit2.o(.ARM.Collect$$libinit$$00000015)
    __rt_lib_init_lc_numeric_2               0x08000205   Thumb Code     0  libinit2.o(.ARM.Collect$$libinit$$00000016)
    __rt_lib_init_alloca_1                   0x0800020f   Thumb Code     0  libinit2.o(.ARM.Collect$$libinit$$0000002E)
    __rt_lib_init_argv_1                     0x0800020f   Thumb Code     0  libinit2.o(.ARM.Collect$$libinit$$0000002C)
    __rt_lib_init_atexit_1                   0x0800020f   Thumb Code     0  libinit2.o(.ARM.Collect$$libinit$$0000001B)
    __rt_lib_init_clock_1                    0x0800020f   Thumb Code     0  libinit2.o(.ARM.Collect$$libinit$$00000021)
    __rt_lib_init_cpp_1                      0x0800020f   Thumb Code     0  libinit2.o(.ARM.Collect$$libinit$$00000032)
    __rt_lib_init_exceptions_1               0x0800020f   Thumb Code     0  libinit2.o(.ARM.Collect$$libinit$$00000030)
    __rt_lib_init_fp_trap_1                  0x0800020f   Thumb Code     0  libinit2.o(.ARM.Collect$$libinit$$0000001F)
    __rt_lib_init_getenv_1                   0x0800020f   Thumb Code     0  libinit2.o(.ARM.Collect$$libinit$$00000023)
    __rt_lib_init_lc_numeric_1               0x0800020f   Thumb Code     0  libinit2.o(.ARM.Collect$$libinit$$00000017)
    __rt_lib_init_lc_time_1                  0x0800020f   Thumb Code     0  libinit2.o(.ARM.Collect$$libinit$$00000019)
    __rt_lib_init_return                     0x0800020f   Thumb Code     0  libinit2.o(.ARM.Collect$$libinit$$00000033)
    __rt_lib_init_signal_1                   0x0800020f   Thumb Code     0  libinit2.o(.ARM.Collect$$libinit$$0000001D)
    __rt_lib_init_stdio_1                    0x0800020f   Thumb Code     0  libinit2.o(.ARM.Collect$$libinit$$00000025)
    __rt_lib_shutdown                        0x08000211   Thumb Code     0  libshutdown.o(.ARM.Collect$$libshutdown$$00000000)
    __rt_lib_shutdown_cpp_1                  0x08000213   Thumb Code     0  libshutdown2.o(.ARM.Collect$$libshutdown$$00000004)
    __rt_lib_shutdown_fini_1                 0x08000213   Thumb Code     0  libshutdown2.o(.ARM.Collect$$libshutdown$$00000002)
    __rt_lib_shutdown_fp_trap_1              0x08000213   Thumb Code     0  libshutdown2.o(.ARM.Collect$$libshutdown$$00000009)
    __rt_lib_shutdown_heap_1                 0x08000213   Thumb Code     0  libshutdown2.o(.ARM.Collect$$libshutdown$$00000011)
    __rt_lib_shutdown_return                 0x08000213   Thumb Code     0  libshutdown2.o(.ARM.Collect$$libshutdown$$00000012)
    __rt_lib_shutdown_signal_1               0x08000213   Thumb Code     0  libshutdown2.o(.ARM.Collect$$libshutdown$$0000000C)
    __rt_lib_shutdown_stdio_1                0x08000213   Thumb Code     0  libshutdown2.o(.ARM.Collect$$libshutdown$$00000006)
    __rt_lib_shutdown_user_alloc_1           0x08000213   Thumb Code     0  libshutdown2.o(.ARM.Collect$$libshutdown$$0000000E)
    __rt_entry                               0x08000215   Thumb Code     0  __rtentry.o(.ARM.Collect$$rtentry$$00000000)
    __rt_entry_presh_1                       0x08000215   Thumb Code     0  __rtentry2.o(.ARM.Collect$$rtentry$$00000002)
    __rt_entry_sh                            0x08000215   Thumb Code     0  __rtentry4.o(.ARM.Collect$$rtentry$$00000004)
    __rt_entry_li                            0x0800021b   Thumb Code     0  __rtentry2.o(.ARM.Collect$$rtentry$$0000000A)
    __rt_entry_postsh_1                      0x0800021b   Thumb Code     0  __rtentry2.o(.ARM.Collect$$rtentry$$00000009)
    __rt_entry_main                          0x0800021f   Thumb Code     0  __rtentry2.o(.ARM.Collect$$rtentry$$0000000D)
    __rt_entry_postli_1                      0x0800021f   Thumb Code     0  __rtentry2.o(.ARM.Collect$$rtentry$$0000000C)
    __rt_exit                                0x08000227   Thumb Code     0  rtexit.o(.ARM.Collect$$rtexit$$00000000)
    __rt_exit_ls                             0x08000229   Thumb Code     0  rtexit2.o(.ARM.Collect$$rtexit$$00000003)
    __rt_exit_prels_1                        0x08000229   Thumb Code     0  rtexit2.o(.ARM.Collect$$rtexit$$00000002)
    __rt_exit_exit                           0x0800022d   Thumb Code     0  rtexit2.o(.ARM.Collect$$rtexit$$00000004)
    Reset_Handler                            0x08000235   Thumb Code     8  startup_stm32f10x_md.o(.text)
    ADC1_2_IRQHandler                        0x0800024f   Thumb Code     0  startup_stm32f10x_md.o(.text)
    CAN1_RX1_IRQHandler                      0x0800024f   Thumb Code     0  startup_stm32f10x_md.o(.text)
    CAN1_SCE_IRQHandler                      0x0800024f   Thumb Code     0  startup_stm32f10x_md.o(.text)
    DMA1_Channel1_IRQHandler                 0x0800024f   Thumb Code     0  startup_stm32f10x_md.o(.text)
    DMA1_Channel2_IRQHandler                 0x0800024f   Thumb Code     0  startup_stm32f10x_md.o(.text)
    DMA1_Channel3_IRQHandler                 0x0800024f   Thumb Code     0  startup_stm32f10x_md.o(.text)
    DMA1_Channel4_IRQHandler                 0x0800024f   Thumb Code     0  startup_stm32f10x_md.o(.text)
    DMA1_Channel5_IRQHandler                 0x0800024f   Thumb Code     0  startup_stm32f10x_md.o(.text)
    DMA1_Channel6_IRQHandler                 0x0800024f   Thumb Code     0  startup_stm32f10x_md.o(.text)
    DMA1_Channel7_IRQHandler                 0x0800024f   Thumb Code     0  startup_stm32f10x_md.o(.text)
    EXTI0_IRQHandler                         0x0800024f   Thumb Code     0  startup_stm32f10x_md.o(.text)
    EXTI15_10_IRQHandler                     0x0800024f   Thumb Code     0  startup_stm32f10x_md.o(.text)
    EXTI1_IRQHandler                         0x0800024f   Thumb Code     0  startup_stm32f10x_md.o(.text)
    EXTI2_IRQHandler                         0x0800024f   Thumb Code     0  startup_stm32f10x_md.o(.text)
    EXTI3_IRQHandler                         0x0800024f   Thumb Code     0  startup_stm32f10x_md.o(.text)
    FLASH_IRQHandler                         0x0800024f   Thumb Code     0  startup_stm32f10x_md.o(.text)
    I2C1_ER_IRQHandler                       0x0800024f   Thumb Code     0  startup_stm32f10x_md.o(.text)
    I2C1_EV_IRQHandler                       0x0800024f   Thumb Code     0  startup_stm32f10x_md.o(.text)
    I2C2_ER_IRQHandler                       0x0800024f   Thumb Code     0  startup_stm32f10x_md.o(.text)
    I2C2_EV_IRQHandler                       0x0800024f   Thumb Code     0  startup_stm32f10x_md.o(.text)
    PVD_IRQHandler                           0x0800024f   Thumb Code     0  startup_stm32f10x_md.o(.text)
    RCC_IRQHandler                           0x0800024f   Thumb Code     0  startup_stm32f10x_md.o(.text)
    RTCAlarm_IRQHandler                      0x0800024f   Thumb Code     0  startup_stm32f10x_md.o(.text)
    RTC_IRQHandler                           0x0800024f   Thumb Code     0  startup_stm32f10x_md.o(.text)
    SPI1_IRQHandler                          0x0800024f   Thumb Code     0  startup_stm32f10x_md.o(.text)
    SPI2_IRQHandler                          0x0800024f   Thumb Code     0  startup_stm32f10x_md.o(.text)
    TAMPER_IRQHandler                        0x0800024f   Thumb Code     0  startup_stm32f10x_md.o(.text)
    TIM1_BRK_IRQHandler                      0x0800024f   Thumb Code     0  startup_stm32f10x_md.o(.text)
    TIM1_CC_IRQHandler                       0x0800024f   Thumb Code     0  startup_stm32f10x_md.o(.text)
    TIM1_TRG_COM_IRQHandler                  0x0800024f   Thumb Code     0  startup_stm32f10x_md.o(.text)
    TIM1_UP_IRQHandler                       0x0800024f   Thumb Code     0  startup_stm32f10x_md.o(.text)
    TIM2_IRQHandler                          0x0800024f   Thumb Code     0  startup_stm32f10x_md.o(.text)
    TIM3_IRQHandler                          0x0800024f   Thumb Code     0  startup_stm32f10x_md.o(.text)
    TIM4_IRQHandler                          0x0800024f   Thumb Code     0  startup_stm32f10x_md.o(.text)
    USART3_IRQHandler                        0x0800024f   Thumb Code     0  startup_stm32f10x_md.o(.text)
    USBWakeUp_IRQHandler                     0x0800024f   Thumb Code     0  startup_stm32f10x_md.o(.text)
    USB_HP_CAN1_TX_IRQHandler                0x0800024f   Thumb Code     0  startup_stm32f10x_md.o(.text)
    USB_LP_CAN1_RX0_IRQHandler               0x0800024f   Thumb Code     0  startup_stm32f10x_md.o(.text)
    __user_initial_stackheap                 0x08000251   Thumb Code     0  startup_stm32f10x_md.o(.text)
    __use_no_semihosting                     0x08000275   Thumb Code     2  use_no_semi_2.o(.text)
    __c89vsnprintf                           0x08000279   Thumb Code    48  c89vsnprintf.o(.text)
    __2printf                                0x080002ad   Thumb Code    20  __2printf.o(.text)
    __2sprintf                               0x080002c5   Thumb Code    38  __2sprintf.o(.text)
    _printf_pre_padding                      0x080002f1   Thumb Code    44  _printf_pad.o(.text)
    _printf_post_padding                     0x0800031d   Thumb Code    34  _printf_pad.o(.text)
    _printf_str                              0x0800033f   Thumb Code    82  _printf_str.o(.text)
    _printf_int_dec                          0x08000391   Thumb Code   104  _printf_dec.o(.text)
    __printf                                 0x08000409   Thumb Code   388  __printf_flags_ss_wp.o(.text)
    __use_two_region_memory                  0x08000591   Thumb Code     2  heapauxi.o(.text)
    __rt_heap_escrow                         0x08000593   Thumb Code     2  heapauxi.o(.text)
    __rt_heap_expand                         0x08000595   Thumb Code     2  heapauxi.o(.text)
    __I$use$semihosting                      0x08000597   Thumb Code     0  use_no_semi.o(.text)
    __use_no_semihosting_swi                 0x08000597   Thumb Code     2  use_no_semi.o(.text)
    _printf_truncate_signed                  0x08000599   Thumb Code    18  _printf_truncate.o(.text)
    _printf_truncate_unsigned                0x080005ab   Thumb Code    18  _printf_truncate.o(.text)
    _printf_int_common                       0x080005bd   Thumb Code   178  _printf_intcommon.o(.text)
    _printf_charcount                        0x0800066f   Thumb Code    40  _printf_charcount.o(.text)
    _printf_char_common                      0x080006a3   Thumb Code    32  _printf_char_common.o(.text)
    _sputc                                   0x080006c9   Thumb Code    10  _sputc.o(.text)
    _snputc                                  0x080006d3   Thumb Code    16  _snputc.o(.text)
    _printf_cs_common                        0x080006e3   Thumb Code    20  _printf_char.o(.text)
    _printf_char                             0x080006f7   Thumb Code    16  _printf_char.o(.text)
    _printf_string                           0x08000707   Thumb Code     8  _printf_char.o(.text)
    _printf_char_file                        0x08000711   Thumb Code    32  _printf_char_file.o(.text)
    _printf_wctomb                           0x08000735   Thumb Code   182  _printf_wctomb.o(.text)
    _printf_longlong_dec                     0x080007f1   Thumb Code   108  _printf_longlong_dec.o(.text)
    _printf_longlong_oct                     0x0800086d   Thumb Code    66  _printf_oct_int_ll.o(.text)
    _printf_int_oct                          0x080008af   Thumb Code    24  _printf_oct_int_ll.o(.text)
    _printf_ll_oct                           0x080008c7   Thumb Code    12  _printf_oct_int_ll.o(.text)
    _printf_longlong_hex                     0x080008dd   Thumb Code    86  _printf_hex_int_ll_ptr.o(.text)
    _printf_int_hex                          0x08000933   Thumb Code    28  _printf_hex_int_ll_ptr.o(.text)
    _printf_ll_hex                           0x0800094f   Thumb Code    12  _printf_hex_int_ll_ptr.o(.text)
    _printf_hex_ptr                          0x0800095b   Thumb Code    18  _printf_hex_int_ll_ptr.o(.text)
    __user_libspace                          0x08000971   Thumb Code     8  libspace.o(.text)
    __user_perproc_libspace                  0x08000971   Thumb Code     0  libspace.o(.text)
    __user_perthread_libspace                0x08000971   Thumb Code     0  libspace.o(.text)
    _ll_udiv10                               0x08000979   Thumb Code   138  lludiv10.o(.text)
    __lib_sel_fp_printf                      0x08000a03   Thumb Code     2  _printf_fp_dec.o(.text)
    _printf_fp_dec_real                      0x08000bb5   Thumb Code   620  _printf_fp_dec.o(.text)
    _printf_lcs_common                       0x08000e21   Thumb Code    20  _printf_wchar.o(.text)
    _printf_wchar                            0x08000e35   Thumb Code    16  _printf_wchar.o(.text)
    _printf_wstring                          0x08000e45   Thumb Code     8  _printf_wchar.o(.text)
    ferror                                   0x08000e4d   Thumb Code     8  ferror.o(.text)
    _wcrtomb                                 0x08000e55   Thumb Code    64  _wcrtomb.o(.text)
    __user_setup_stackheap                   0x08000e95   Thumb Code    74  sys_stackheap_outer.o(.text)
    __rt_ctype_table                         0x08000ee1   Thumb Code    16  rt_ctype_table.o(.text)
    __rt_locale                              0x08000ef1   Thumb Code     8  rt_locale_intlibspace.o(.text)
    _printf_fp_infnan                        0x08000ef9   Thumb Code   112  _printf_fp_infnan.o(.text)
    _btod_etento                             0x08000f79   Thumb Code   224  bigflt0.o(.text)
    exit                                     0x0800105d   Thumb Code    18  exit.o(.text)
    strcmp                                   0x08001071   Thumb Code   128  strcmpv7m.o(.text)
    _btod_d2e                                0x080010f1   Thumb Code    62  btod.o(CL$$btod_d2e)
    _d2e_denorm_low                          0x0800112f   Thumb Code    70  btod.o(CL$$btod_d2e_denorm_low)
    _d2e_norm_op1                            0x08001175   Thumb Code    96  btod.o(CL$$btod_d2e_norm_op1)
    __btod_div_common                        0x080011d5   Thumb Code   696  btod.o(CL$$btod_div_common)
    _e2e                                     0x0800150d   Thumb Code   220  btod.o(CL$$btod_e2e)
    _btod_ediv                               0x080015e9   Thumb Code    42  btod.o(CL$$btod_ediv)
    _btod_emul                               0x08001613   Thumb Code    42  btod.o(CL$$btod_emul)
    __btod_mult_common                       0x0800163d   Thumb Code   580  btod.o(CL$$btod_mult_common)
    BusFault_Handler                         0x08001881   Thumb Code     4  stm32f10x_it.o(i.BusFault_Handler)
    CSA_GetData                              0x08001885   Thumb Code    44  cs100a.o(i.CSA_GetData)
    CSA_GetOreData                           0x080018bd   Thumb Code    26  cs100a.o(i.CSA_GetOreData)
    CSA_Init                                 0x080018e1   Thumb Code   166  cs100a.o(i.CSA_Init)
    CSA_SendTrig                             0x08001995   Thumb Code    24  cs100a.o(i.CSA_SendTrig)
    CS_Work                                  0x080019b5   Thumb Code    62  main.o(i.CS_Work)
    Chrono                                   0x080019f9   Thumb Code    94  systick.o(i.Chrono)
    DHT11_Detect                             0x08001a69   Thumb Code   174  dht11.o(i.DHT11_Detect)
    DHT11_GetData                            0x08001b29   Thumb Code    78  dht11.o(i.DHT11_GetData)
    DHT11_Init                               0x08001b79   Thumb Code    92  dht11.o(i.DHT11_Init)
    DHT11_Read                               0x08001be9   Thumb Code   316  dht11.o(i.DHT11_Read)
    DHT11_Work                               0x08001d31   Thumb Code    32  main.o(i.DHT11_Work)
    DebugMon_Handler                         0x08001d51   Thumb Code     2  stm32f10x_it.o(i.DebugMon_Handler)
    Delay_ms                                 0x08001d55   Thumb Code    50  systick.o(i.Delay_ms)
    Delay_us                                 0x08001d8d   Thumb Code    64  systick.o(i.Delay_us)
    EXTI4_IRQHandler                         0x08001dd1   Thumb Code    46  cs100a.o(i.EXTI4_IRQHandler)
    EXTI9_5_IRQHandler                       0x08001e09   Thumb Code    26  mqx.o(i.EXTI9_5_IRQHandler)
    EXTI_ClearITPendingBit                   0x08001e2d   Thumb Code     6  stm32f10x_exti.o(i.EXTI_ClearITPendingBit)
    EXTI_Init                                0x08001e39   Thumb Code   142  stm32f10x_exti.o(i.EXTI_Init)
    GPIO_EXTILineConfig                      0x08001ecd   Thumb Code    60  stm32f10x_gpio.o(i.GPIO_EXTILineConfig)
    GPIO_Init                                0x08001f0d   Thumb Code   278  stm32f10x_gpio.o(i.GPIO_Init)
    HX711_GetWeight                          0x08002025   Thumb Code    86  hx711.o(i.HX711_GetWeight)
    HX711_Init                               0x08002081   Thumb Code    58  hx711.o(i.HX711_Init)
    HX711_Read                               0x080020c1   Thumb Code    94  hx711.o(i.HX711_Read)
    HX711_Work                               0x08002129   Thumb Code    32  main.o(i.HX711_Work)
    HardFault_Handler                        0x08002149   Thumb Code     4  stm32f10x_it.o(i.HardFault_Handler)
    IDLE                                     0x0800214d   Thumb Code    14  wwdg.o(i.IDLE)
    IIC_Init                                 0x08002161   Thumb Code    50  iic.o(i.IIC_Init)
    IIC_Send_Byte                            0x080021a1   Thumb Code    90  iic.o(i.IIC_Send_Byte)
    IIC_Start                                0x08002209   Thumb Code    64  iic.o(i.IIC_Start)
    IIC_Stop                                 0x08002255   Thumb Code   120  iic.o(i.IIC_Stop)
    IIC_Wait_Ack                             0x080022d9   Thumb Code    86  iic.o(i.IIC_Wait_Ack)
    MQX_work                                 0x0800233d   Thumb Code    14  main.o(i.MQX_work)
    MQx_Init                                 0x08002355   Thumb Code   162  mqx.o(i.MQx_Init)
    MemManage_Handler                        0x08002409   Thumb Code     4  stm32f10x_it.o(i.MemManage_Handler)
    NMI_Handler                              0x0800240d   Thumb Code     2  stm32f10x_it.o(i.NMI_Handler)
    NVIC_Init                                0x08002411   Thumb Code   100  misc.o(i.NVIC_Init)
    NVIC_PriorityGroupConfig                 0x08002481   Thumb Code    10  misc.o(i.NVIC_PriorityGroupConfig)
    OLED_Clear                               0x08002495   Thumb Code    10  oled.o(i.OLED_Clear)
    OLED_Full                                0x0800249f   Thumb Code    58  oled.o(i.OLED_Full)
    OLED_Init                                0x080024d9   Thumb Code   178  oled.o(i.OLED_Init)
    OLED_SetPos                              0x0800258b   Thumb Code    40  oled.o(i.OLED_SetPos)
    OLED_ShowStr                             0x080025b5   Thumb Code   230  oled.o(i.OLED_ShowStr)
    OLED_WriteByte                           0x080026a5   Thumb Code    46  oled.o(i.OLED_WriteByte)
    PendSV_Handler                           0x080026d3   Thumb Code     2  stm32f10x_it.o(i.PendSV_Handler)
    RCC_APB1PeriphClockCmd                   0x080026d5   Thumb Code    26  stm32f10x_rcc.o(i.RCC_APB1PeriphClockCmd)
    RCC_APB2PeriphClockCmd                   0x080026f5   Thumb Code    26  stm32f10x_rcc.o(i.RCC_APB2PeriphClockCmd)
    RCC_GetClocksFreq                        0x08002715   Thumb Code   192  stm32f10x_rcc.o(i.RCC_GetClocksFreq)
    SVC_Handler                              0x080027e9   Thumb Code     2  stm32f10x_it.o(i.SVC_Handler)
    SysTick_CLKSourceConfig                  0x080028d5   Thumb Code    40  misc.o(i.SysTick_CLKSourceConfig)
    SysTick_Handler                          0x080028fd   Thumb Code    12  systick.o(i.SysTick_Handler)
    SystemInit                               0x0800290d   Thumb Code    78  system_stm32f10x.o(i.SystemInit)
    SystickInit                              0x0800296d   Thumb Code   116  systick.o(i.SystickInit)
    USART1Init                               0x08002a01   Thumb Code   152  usart.o(i.USART1Init)
    USART1_IRQHandler                        0x08002aa1   Thumb Code    74  usart.o(i.USART1_IRQHandler)
    USART2Init                               0x08002af5   Thumb Code   154  usart2_dma.o(i.USART2Init)
    USART2_IRQHandler                        0x08002b99   Thumb Code   118  usart2_dma.o(i.USART2_IRQHandler)
    USART2_Printf                            0x08002c21   Thumb Code    86  usart2_dma.o(i.USART2_Printf)
    USART_ClearFlag                          0x08002c85   Thumb Code    18  stm32f10x_usart.o(i.USART_ClearFlag)
    USART_Cmd                                0x08002c97   Thumb Code    24  stm32f10x_usart.o(i.USART_Cmd)
    USART_GetFlagStatus                      0x08002caf   Thumb Code    26  stm32f10x_usart.o(i.USART_GetFlagStatus)
    USART_ITConfig                           0x08002cc9   Thumb Code    74  stm32f10x_usart.o(i.USART_ITConfig)
    USART_Init                               0x08002d15   Thumb Code   210  stm32f10x_usart.o(i.USART_Init)
    USART_ReceiveData                        0x08002ded   Thumb Code    10  stm32f10x_usart.o(i.USART_ReceiveData)
    USART_SendData                           0x08002df7   Thumb Code     8  stm32f10x_usart.o(i.USART_SendData)
    UsageFault_Handler                       0x08002dff   Thumb Code     4  stm32f10x_it.o(i.UsageFault_Handler)
    WWDG_ClearFlag                           0x08002e05   Thumb Code     8  stm32f10x_wwdg.o(i.WWDG_ClearFlag)
    WWDG_Enable                              0x08002e11   Thumb Code    10  stm32f10x_wwdg.o(i.WWDG_Enable)
    WWDG_EnableIT                            0x08002e21   Thumb Code     8  stm32f10x_wwdg.o(i.WWDG_EnableIT)
    WWDG_IRQHandler                          0x08002e2d   Thumb Code    48  wwdg.o(i.WWDG_IRQHandler)
    WWDG_NVIC_Init                           0x08002e65   Thumb Code    42  wwdg.o(i.WWDG_NVIC_Init)
    WWDG_SetCounter                          0x08002e91   Thumb Code    10  stm32f10x_wwdg.o(i.WWDG_SetCounter)
    WWDG_SetPrescaler                        0x08002ea1   Thumb Code    18  stm32f10x_wwdg.o(i.WWDG_SetPrescaler)
    WWDG_SetWindowValue                      0x08002eb9   Thumb Code    34  stm32f10x_wwdg.o(i.WWDG_SetWindowValue)
    WriteCmd                                 0x08002ee1   Thumb Code    14  oled.o(i.WriteCmd)
    WriteData                                0x08002eef   Thumb Code    14  oled.o(i.WriteData)
    __ARM_fpclassify                         0x08002efd   Thumb Code    40  fpclassify.o(i.__ARM_fpclassify)
    _is_digit                                0x08002f25   Thumb Code    14  __printf_wp.o(i._is_digit)
    _sys_exit                                0x08002f33   Thumb Code     6  usart.o(i._sys_exit)
    fputc                                    0x08002f39   Thumb Code    24  usart.o(i.fputc)
    main                                     0x08002f55   Thumb Code   410  main.o(i.main)
    periphInit                               0x08003171   Thumb Code   124  main.o(i.periphInit)
    wDelay_ms                                0x0800322d   Thumb Code    44  wwdg.o(i.wDelay_ms)
    wwdgInit                                 0x08003265   Thumb Code    84  wwdg.o(i.wwdgInit)
    _get_lc_numeric                          0x080032bd   Thumb Code    44  lc_numeric_c.o(locale$$code)
    _get_lc_ctype                            0x080032e9   Thumb Code    44  lc_ctype_c.o(locale$$code)
    _printf_fp_dec                           0x08003315   Thumb Code     4  printf1.o(x$fpl$printf1)
    F6X8                                     0x08003318   Data         552  oled.o(.constdata)
    __I$use$fp                               0x08003318   Number         0  usenofp.o(x$fpl$usenofp)
    F8X16                                    0x08003540   Data        1520  oled.o(.constdata)
    Region$$Table$$Base                      0x08003c08   Number         0  anon$$obj.o(Region$$Table)
    Region$$Table$$Limit                     0x08003c28   Number         0  anon$$obj.o(Region$$Table)
    __ctype                                  0x08003c51   Data           0  lc_ctype_c.o(locale$$data)
    SystemCoreClock                          0x20000014   Data           4  system_stm32f10x.o(.data)
    AHBPrescTable                            0x20000018   Data          16  system_stm32f10x.o(.data)
    flag                                     0x20000028   Data           1  main.o(.data)
    tmp1                                     0x2000002c   Data           4  main.o(.data)
    tmp2                                     0x20000030   Data           4  main.o(.data)
    time_check                               0x20000038   Data           1  systick.o(.data)
    fac_us                                   0x2000003c   Data           4  systick.o(.data)
    fac_ms                                   0x20000040   Data           4  systick.o(.data)
    __stdout                                 0x20000048   Data           4  usart.o(.data)
    bufs                                     0x2000004c   Data           2  usart.o(.data)
    usart2_status                            0x20000050   Data           4  usart2_dma.o(.data)
    TX_Status                                0x20000054   Data           4  usart2_dma.o(.data)
    Delay_callBackFunction                   0x20000058   Data           4  wwdg.o(.data)
    wtime_check                              0x2000006c   Data           1  wwdg.o(.data)
    dangerManager                            0x2000006d   Data           1  mqx.o(.data)
    xgkData                                  0x20000078   Data          28  main.o(.bss)
    tmp                                      0x20000094   Data          20  main.o(.bss)
    time_piece                               0x200000a8   Data          16  systick.o(.bss)
    bufTX2                                   0x200000b8   Data         264  usart2_dma.o(.bss)
    bufRX2                                   0x200001c0   Data         264  usart2_dma.o(.bss)
    __libspace_start                         0x200002c8   Data          96  libspace.o(.bss)
    __temporary_stack_top$libspace           0x20000328   Data           0  libspace.o(.bss)



==============================================================================

Memory Map of the image

  Image Entry point : 0x08000235

  Load Region LR_1 (Base: 0x08000000, Size: 0x00003dcc, Max: 0xffffffff, ABSOLUTE)

    Execution Region ER_RO (Exec base: 0x08000000, Load base: 0x08000000, Size: 0x00003d54, Max: 0xffffffff, ABSOLUTE)

    Exec Addr    Load Addr    Size         Type   Attr      Idx    E Section Name        Object

    0x08000000   0x08000000   0x000000ec   Data   RO           19    RESET               startup_stm32f10x_md.o
    0x080000ec   0x080000ec   0x00000008   Code   RO         2459  * !!!main             c_w.l(__main.o)
    0x080000f4   0x080000f4   0x00000034   Code   RO         2809    !!!scatter          c_w.l(__scatter.o)
    0x08000128   0x08000128   0x0000001a   Code   RO         2811    !!handler_copy      c_w.l(__scatter_copy.o)
    0x08000142   0x08000142   0x00000002   PAD
    0x08000144   0x08000144   0x0000001c   Code   RO         2813    !!handler_zi        c_w.l(__scatter_zi.o)
    0x08000160   0x08000160   0x00000000   Code   RO         2454    .ARM.Collect$$_printf_percent$$00000000  c_w.l(_printf_percent.o)
    0x08000160   0x08000160   0x00000006   Code   RO         2550    .ARM.Collect$$_printf_percent$$00000001  c_w.l(_printf_n.o)
    0x08000166   0x08000166   0x00000006   Code   RO         2552    .ARM.Collect$$_printf_percent$$00000002  c_w.l(_printf_p.o)
    0x0800016c   0x0800016c   0x00000006   Code   RO         2555    .ARM.Collect$$_printf_percent$$00000003  c_w.l(_printf_f.o)
    0x08000172   0x08000172   0x00000006   Code   RO         2556    .ARM.Collect$$_printf_percent$$00000004  c_w.l(_printf_e.o)
    0x08000178   0x08000178   0x00000006   Code   RO         2557    .ARM.Collect$$_printf_percent$$00000005  c_w.l(_printf_g.o)
    0x0800017e   0x0800017e   0x00000006   Code   RO         2558    .ARM.Collect$$_printf_percent$$00000006  c_w.l(_printf_a.o)
    0x08000184   0x08000184   0x0000000a   Code   RO         2563    .ARM.Collect$$_printf_percent$$00000007  c_w.l(_printf_ll.o)
    0x0800018e   0x0800018e   0x00000006   Code   RO         2554    .ARM.Collect$$_printf_percent$$00000008  c_w.l(_printf_i.o)
    0x08000194   0x08000194   0x00000006   Code   RO         2452    .ARM.Collect$$_printf_percent$$00000009  c_w.l(_printf_d.o)
    0x0800019a   0x0800019a   0x00000006   Code   RO         2453    .ARM.Collect$$_printf_percent$$0000000A  c_w.l(_printf_u.o)
    0x080001a0   0x080001a0   0x00000006   Code   RO         2553    .ARM.Collect$$_printf_percent$$0000000B  c_w.l(_printf_o.o)
    0x080001a6   0x080001a6   0x00000006   Code   RO         2551    .ARM.Collect$$_printf_percent$$0000000C  c_w.l(_printf_x.o)
    0x080001ac   0x080001ac   0x00000006   Code   RO         2560    .ARM.Collect$$_printf_percent$$0000000D  c_w.l(_printf_lli.o)
    0x080001b2   0x080001b2   0x00000006   Code   RO         2561    .ARM.Collect$$_printf_percent$$0000000E  c_w.l(_printf_lld.o)
    0x080001b8   0x080001b8   0x00000006   Code   RO         2562    .ARM.Collect$$_printf_percent$$0000000F  c_w.l(_printf_llu.o)
    0x080001be   0x080001be   0x00000006   Code   RO         2567    .ARM.Collect$$_printf_percent$$00000010  c_w.l(_printf_llo.o)
    0x080001c4   0x080001c4   0x00000006   Code   RO         2568    .ARM.Collect$$_printf_percent$$00000011  c_w.l(_printf_llx.o)
    0x080001ca   0x080001ca   0x0000000a   Code   RO         2564    .ARM.Collect$$_printf_percent$$00000012  c_w.l(_printf_l.o)
    0x080001d4   0x080001d4   0x00000006   Code   RO         2549    .ARM.Collect$$_printf_percent$$00000013  c_w.l(_printf_c.o)
    0x080001da   0x080001da   0x00000006   Code   RO         2451    .ARM.Collect$$_printf_percent$$00000014  c_w.l(_printf_s.o)
    0x080001e0   0x080001e0   0x00000006   Code   RO         2565    .ARM.Collect$$_printf_percent$$00000015  c_w.l(_printf_lc.o)
    0x080001e6   0x080001e6   0x00000006   Code   RO         2566    .ARM.Collect$$_printf_percent$$00000016  c_w.l(_printf_ls.o)
    0x080001ec   0x080001ec   0x00000004   Code   RO         2559    .ARM.Collect$$_printf_percent$$00000017  c_w.l(_printf_percent_end.o)
    0x080001f0   0x080001f0   0x00000002   Code   RO         2747    .ARM.Collect$$libinit$$00000000  c_w.l(libinit.o)
    0x080001f2   0x080001f2   0x00000000   Code   RO         2578    .ARM.Collect$$libinit$$00000002  c_w.l(libinit2.o)
    0x080001f2   0x080001f2   0x00000000   Code   RO         2580    .ARM.Collect$$libinit$$00000004  c_w.l(libinit2.o)
    0x080001f2   0x080001f2   0x00000000   Code   RO         2583    .ARM.Collect$$libinit$$0000000A  c_w.l(libinit2.o)
    0x080001f2   0x080001f2   0x00000000   Code   RO         2585    .ARM.Collect$$libinit$$0000000C  c_w.l(libinit2.o)
    0x080001f2   0x080001f2   0x00000000   Code   RO         2587    .ARM.Collect$$libinit$$0000000E  c_w.l(libinit2.o)
    0x080001f2   0x080001f2   0x00000006   Code   RO         2588    .ARM.Collect$$libinit$$0000000F  c_w.l(libinit2.o)
    0x080001f8   0x080001f8   0x00000000   Code   RO         2590    .ARM.Collect$$libinit$$00000011  c_w.l(libinit2.o)
    0x080001f8   0x080001f8   0x0000000c   Code   RO         2591    .ARM.Collect$$libinit$$00000012  c_w.l(libinit2.o)
    0x08000204   0x08000204   0x00000000   Code   RO         2592    .ARM.Collect$$libinit$$00000013  c_w.l(libinit2.o)
    0x08000204   0x08000204   0x00000000   Code   RO         2594    .ARM.Collect$$libinit$$00000015  c_w.l(libinit2.o)
    0x08000204   0x08000204   0x0000000a   Code   RO         2595    .ARM.Collect$$libinit$$00000016  c_w.l(libinit2.o)
    0x0800020e   0x0800020e   0x00000000   Code   RO         2596    .ARM.Collect$$libinit$$00000017  c_w.l(libinit2.o)
    0x0800020e   0x0800020e   0x00000000   Code   RO         2598    .ARM.Collect$$libinit$$00000019  c_w.l(libinit2.o)
    0x0800020e   0x0800020e   0x00000000   Code   RO         2600    .ARM.Collect$$libinit$$0000001B  c_w.l(libinit2.o)
    0x0800020e   0x0800020e   0x00000000   Code   RO         2602    .ARM.Collect$$libinit$$0000001D  c_w.l(libinit2.o)
    0x0800020e   0x0800020e   0x00000000   Code   RO         2604    .ARM.Collect$$libinit$$0000001F  c_w.l(libinit2.o)
    0x0800020e   0x0800020e   0x00000000   Code   RO         2606    .ARM.Collect$$libinit$$00000021  c_w.l(libinit2.o)
    0x0800020e   0x0800020e   0x00000000   Code   RO         2608    .ARM.Collect$$libinit$$00000023  c_w.l(libinit2.o)
    0x0800020e   0x0800020e   0x00000000   Code   RO         2610    .ARM.Collect$$libinit$$00000025  c_w.l(libinit2.o)
    0x0800020e   0x0800020e   0x00000000   Code   RO         2614    .ARM.Collect$$libinit$$0000002C  c_w.l(libinit2.o)
    0x0800020e   0x0800020e   0x00000000   Code   RO         2616    .ARM.Collect$$libinit$$0000002E  c_w.l(libinit2.o)
    0x0800020e   0x0800020e   0x00000000   Code   RO         2618    .ARM.Collect$$libinit$$00000030  c_w.l(libinit2.o)
    0x0800020e   0x0800020e   0x00000000   Code   RO         2620    .ARM.Collect$$libinit$$00000032  c_w.l(libinit2.o)
    0x0800020e   0x0800020e   0x00000002   Code   RO         2621    .ARM.Collect$$libinit$$00000033  c_w.l(libinit2.o)
    0x08000210   0x08000210   0x00000002   Code   RO         2806    .ARM.Collect$$libshutdown$$00000000  c_w.l(libshutdown.o)
    0x08000212   0x08000212   0x00000000   Code   RO         2766    .ARM.Collect$$libshutdown$$00000002  c_w.l(libshutdown2.o)
    0x08000212   0x08000212   0x00000000   Code   RO         2768    .ARM.Collect$$libshutdown$$00000004  c_w.l(libshutdown2.o)
    0x08000212   0x08000212   0x00000000   Code   RO         2770    .ARM.Collect$$libshutdown$$00000006  c_w.l(libshutdown2.o)
    0x08000212   0x08000212   0x00000000   Code   RO         2773    .ARM.Collect$$libshutdown$$00000009  c_w.l(libshutdown2.o)
    0x08000212   0x08000212   0x00000000   Code   RO         2776    .ARM.Collect$$libshutdown$$0000000C  c_w.l(libshutdown2.o)
    0x08000212   0x08000212   0x00000000   Code   RO         2778    .ARM.Collect$$libshutdown$$0000000E  c_w.l(libshutdown2.o)
    0x08000212   0x08000212   0x00000000   Code   RO         2781    .ARM.Collect$$libshutdown$$00000011  c_w.l(libshutdown2.o)
    0x08000212   0x08000212   0x00000002   Code   RO         2782    .ARM.Collect$$libshutdown$$00000012  c_w.l(libshutdown2.o)
    0x08000214   0x08000214   0x00000000   Code   RO         2475    .ARM.Collect$$rtentry$$00000000  c_w.l(__rtentry.o)
    0x08000214   0x08000214   0x00000000   Code   RO         2635    .ARM.Collect$$rtentry$$00000002  c_w.l(__rtentry2.o)
    0x08000214   0x08000214   0x00000006   Code   RO         2647    .ARM.Collect$$rtentry$$00000004  c_w.l(__rtentry4.o)
    0x0800021a   0x0800021a   0x00000000   Code   RO         2637    .ARM.Collect$$rtentry$$00000009  c_w.l(__rtentry2.o)
    0x0800021a   0x0800021a   0x00000004   Code   RO         2638    .ARM.Collect$$rtentry$$0000000A  c_w.l(__rtentry2.o)
    0x0800021e   0x0800021e   0x00000000   Code   RO         2640    .ARM.Collect$$rtentry$$0000000C  c_w.l(__rtentry2.o)
    0x0800021e   0x0800021e   0x00000008   Code   RO         2641    .ARM.Collect$$rtentry$$0000000D  c_w.l(__rtentry2.o)
    0x08000226   0x08000226   0x00000002   Code   RO         2752    .ARM.Collect$$rtexit$$00000000  c_w.l(rtexit.o)
    0x08000228   0x08000228   0x00000000   Code   RO         2784    .ARM.Collect$$rtexit$$00000002  c_w.l(rtexit2.o)
    0x08000228   0x08000228   0x00000004   Code   RO         2785    .ARM.Collect$$rtexit$$00000003  c_w.l(rtexit2.o)
    0x0800022c   0x0800022c   0x00000006   Code   RO         2786    .ARM.Collect$$rtexit$$00000004  c_w.l(rtexit2.o)
    0x08000232   0x08000232   0x00000002   PAD
    0x08000234   0x08000234   0x00000040   Code   RO           20  * .text               startup_stm32f10x_md.o
    0x08000274   0x08000274   0x00000002   Code   RO         2349    .text               c_w.l(use_no_semi_2.o)
    0x08000276   0x08000276   0x00000002   PAD
    0x08000278   0x08000278   0x00000034   Code   RO         2413    .text               c_w.l(c89vsnprintf.o)
    0x080002ac   0x080002ac   0x00000018   Code   RO         2415    .text               c_w.l(__2printf.o)
    0x080002c4   0x080002c4   0x0000002c   Code   RO         2417    .text               c_w.l(__2sprintf.o)
    0x080002f0   0x080002f0   0x0000004e   Code   RO         2425    .text               c_w.l(_printf_pad.o)
    0x0800033e   0x0800033e   0x00000052   Code   RO         2427    .text               c_w.l(_printf_str.o)
    0x08000390   0x08000390   0x00000078   Code   RO         2429    .text               c_w.l(_printf_dec.o)
    0x08000408   0x08000408   0x00000188   Code   RO         2448    .text               c_w.l(__printf_flags_ss_wp.o)
    0x08000590   0x08000590   0x00000006   Code   RO         2457    .text               c_w.l(heapauxi.o)
    0x08000596   0x08000596   0x00000002   Code   RO         2471    .text               c_w.l(use_no_semi.o)
    0x08000598   0x08000598   0x00000024   Code   RO         2501    .text               c_w.l(_printf_truncate.o)
    0x080005bc   0x080005bc   0x000000b2   Code   RO         2503    .text               c_w.l(_printf_intcommon.o)
    0x0800066e   0x0800066e   0x00000028   Code   RO         2505    .text               c_w.l(_printf_charcount.o)
    0x08000696   0x08000696   0x00000002   PAD
    0x08000698   0x08000698   0x00000030   Code   RO         2507    .text               c_w.l(_printf_char_common.o)
    0x080006c8   0x080006c8   0x0000000a   Code   RO         2509    .text               c_w.l(_sputc.o)
    0x080006d2   0x080006d2   0x00000010   Code   RO         2511    .text               c_w.l(_snputc.o)
    0x080006e2   0x080006e2   0x0000002c   Code   RO         2513    .text               c_w.l(_printf_char.o)
    0x0800070e   0x0800070e   0x00000002   PAD
    0x08000710   0x08000710   0x00000024   Code   RO         2515    .text               c_w.l(_printf_char_file.o)
    0x08000734   0x08000734   0x000000bc   Code   RO         2517    .text               c_w.l(_printf_wctomb.o)
    0x080007f0   0x080007f0   0x0000007c   Code   RO         2520    .text               c_w.l(_printf_longlong_dec.o)
    0x0800086c   0x0800086c   0x00000070   Code   RO         2526    .text               c_w.l(_printf_oct_int_ll.o)
    0x080008dc   0x080008dc   0x00000094   Code   RO         2546    .text               c_w.l(_printf_hex_int_ll_ptr.o)
    0x08000970   0x08000970   0x00000008   Code   RO         2631    .text               c_w.l(libspace.o)
    0x08000978   0x08000978   0x0000008a   Code   RO         2659    .text               c_w.l(lludiv10.o)
    0x08000a02   0x08000a02   0x0000041e   Code   RO         2661    .text               c_w.l(_printf_fp_dec.o)
    0x08000e20   0x08000e20   0x0000002c   Code   RO         2665    .text               c_w.l(_printf_wchar.o)
    0x08000e4c   0x08000e4c   0x00000008   Code   RO         2667    .text               c_w.l(ferror.o)
    0x08000e54   0x08000e54   0x00000040   Code   RO         2671    .text               c_w.l(_wcrtomb.o)
    0x08000e94   0x08000e94   0x0000004a   Code   RO         2689    .text               c_w.l(sys_stackheap_outer.o)
    0x08000ede   0x08000ede   0x00000002   PAD
    0x08000ee0   0x08000ee0   0x00000010   Code   RO         2691    .text               c_w.l(rt_ctype_table.o)
    0x08000ef0   0x08000ef0   0x00000008   Code   RO         2696    .text               c_w.l(rt_locale_intlibspace.o)
    0x08000ef8   0x08000ef8   0x00000080   Code   RO         2700    .text               c_w.l(_printf_fp_infnan.o)
    0x08000f78   0x08000f78   0x000000e4   Code   RO         2702    .text               c_w.l(bigflt0.o)
    0x0800105c   0x0800105c   0x00000012   Code   RO         2730    .text               c_w.l(exit.o)
    0x0800106e   0x0800106e   0x00000002   PAD
    0x08001070   0x08001070   0x00000080   Code   RO         2763    .text               c_w.l(strcmpv7m.o)
    0x080010f0   0x080010f0   0x0000003e   Code   RO         2705    CL$$btod_d2e        c_w.l(btod.o)
    0x0800112e   0x0800112e   0x00000046   Code   RO         2707    CL$$btod_d2e_denorm_low  c_w.l(btod.o)
    0x08001174   0x08001174   0x00000060   Code   RO         2706    CL$$btod_d2e_norm_op1  c_w.l(btod.o)
    0x080011d4   0x080011d4   0x00000338   Code   RO         2715    CL$$btod_div_common  c_w.l(btod.o)
    0x0800150c   0x0800150c   0x000000dc   Code   RO         2712    CL$$btod_e2e        c_w.l(btod.o)
    0x080015e8   0x080015e8   0x0000002a   Code   RO         2709    CL$$btod_ediv       c_w.l(btod.o)
    0x08001612   0x08001612   0x0000002a   Code   RO         2708    CL$$btod_emul       c_w.l(btod.o)
    0x0800163c   0x0800163c   0x00000244   Code   RO         2714    CL$$btod_mult_common  c_w.l(btod.o)
    0x08001880   0x08001880   0x00000004   Code   RO         1527    i.BusFault_Handler  stm32f10x_it.o
    0x08001884   0x08001884   0x00000038   Code   RO         2282    i.CSA_GetData       cs100a.o
    0x080018bc   0x080018bc   0x00000024   Code   RO         2283    i.CSA_GetOreData    cs100a.o
    0x080018e0   0x080018e0   0x000000b4   Code   RO         2284    i.CSA_Init          cs100a.o
    0x08001994   0x08001994   0x00000020   Code   RO         2285    i.CSA_SendTrig      cs100a.o
    0x080019b4   0x080019b4   0x00000044   Code   RO         1618    i.CS_Work           main.o
    0x080019f8   0x080019f8   0x00000070   Code   RO         1724    i.Chrono            systick.o
    0x08001a68   0x08001a68   0x000000c0   Code   RO         2252    i.DHT11_Detect      dht11.o
    0x08001b28   0x08001b28   0x0000004e   Code   RO         2253    i.DHT11_GetData     dht11.o
    0x08001b76   0x08001b76   0x00000002   PAD
    0x08001b78   0x08001b78   0x00000070   Code   RO         2254    i.DHT11_Init        dht11.o
    0x08001be8   0x08001be8   0x00000148   Code   RO         2255    i.DHT11_Read        dht11.o
    0x08001d30   0x08001d30   0x00000020   Code   RO         1619    i.DHT11_Work        main.o
    0x08001d50   0x08001d50   0x00000002   Code   RO         1528    i.DebugMon_Handler  stm32f10x_it.o
    0x08001d52   0x08001d52   0x00000002   PAD
    0x08001d54   0x08001d54   0x00000038   Code   RO         1725    i.Delay_ms          systick.o
    0x08001d8c   0x08001d8c   0x00000044   Code   RO         1726    i.Delay_us          systick.o
    0x08001dd0   0x08001dd0   0x00000038   Code   RO         2286    i.EXTI4_IRQHandler  cs100a.o
    0x08001e08   0x08001e08   0x00000024   Code   RO         2228    i.EXTI9_5_IRQHandler  mqx.o
    0x08001e2c   0x08001e2c   0x0000000c   Code   RO          138    i.EXTI_ClearITPendingBit  stm32f10x_exti.o
    0x08001e38   0x08001e38   0x00000094   Code   RO          143    i.EXTI_Init         stm32f10x_exti.o
    0x08001ecc   0x08001ecc   0x00000040   Code   RO          194    i.GPIO_EXTILineConfig  stm32f10x_gpio.o
    0x08001f0c   0x08001f0c   0x00000116   Code   RO          197    i.GPIO_Init         stm32f10x_gpio.o
    0x08002022   0x08002022   0x00000002   PAD
    0x08002024   0x08002024   0x0000005c   Code   RO         2323    i.HX711_GetWeight   hx711.o
    0x08002080   0x08002080   0x00000040   Code   RO         2324    i.HX711_Init        hx711.o
    0x080020c0   0x080020c0   0x00000068   Code   RO         2325    i.HX711_Read        hx711.o
    0x08002128   0x08002128   0x00000020   Code   RO         1620    i.HX711_Work        main.o
    0x08002148   0x08002148   0x00000004   Code   RO         1529    i.HardFault_Handler  stm32f10x_it.o
    0x0800214c   0x0800214c   0x00000014   Code   RO         2022    i.IDLE              wwdg.o
    0x08002160   0x08002160   0x00000040   Code   RO         2079    i.IIC_Init          iic.o
    0x080021a0   0x080021a0   0x00000068   Code   RO         2082    i.IIC_Send_Byte     iic.o
    0x08002208   0x08002208   0x0000004c   Code   RO         2083    i.IIC_Start         iic.o
    0x08002254   0x08002254   0x00000084   Code   RO         2084    i.IIC_Stop          iic.o
    0x080022d8   0x080022d8   0x00000064   Code   RO         2085    i.IIC_Wait_Ack      iic.o
    0x0800233c   0x0800233c   0x00000018   Code   RO         1621    i.MQX_work          main.o
    0x08002354   0x08002354   0x000000b4   Code   RO         2229    i.MQx_Init          mqx.o
    0x08002408   0x08002408   0x00000004   Code   RO         1530    i.MemManage_Handler  stm32f10x_it.o
    0x0800240c   0x0800240c   0x00000002   Code   RO         1531    i.NMI_Handler       stm32f10x_it.o
    0x0800240e   0x0800240e   0x00000002   PAD
    0x08002410   0x08002410   0x00000070   Code   RO         1491    i.NVIC_Init         misc.o
    0x08002480   0x08002480   0x00000014   Code   RO         1492    i.NVIC_PriorityGroupConfig  misc.o
    0x08002494   0x08002494   0x0000000a   Code   RO         2137    i.OLED_Clear        oled.o
    0x0800249e   0x0800249e   0x0000003a   Code   RO         2140    i.OLED_Full         oled.o
    0x080024d8   0x080024d8   0x000000b2   Code   RO         2141    i.OLED_Init         oled.o
    0x0800258a   0x0800258a   0x00000028   Code   RO         2143    i.OLED_SetPos       oled.o
    0x080025b2   0x080025b2   0x00000002   PAD
    0x080025b4   0x080025b4   0x000000f0   Code   RO         2145    i.OLED_ShowStr      oled.o
    0x080026a4   0x080026a4   0x0000002e   Code   RO         2146    i.OLED_WriteByte    oled.o
    0x080026d2   0x080026d2   0x00000002   Code   RO         1532    i.PendSV_Handler    stm32f10x_it.o
    0x080026d4   0x080026d4   0x00000020   Code   RO          307    i.RCC_APB1PeriphClockCmd  stm32f10x_rcc.o
    0x080026f4   0x080026f4   0x00000020   Code   RO          309    i.RCC_APB2PeriphClockCmd  stm32f10x_rcc.o
    0x08002714   0x08002714   0x000000d4   Code   RO          317    i.RCC_GetClocksFreq  stm32f10x_rcc.o
    0x080027e8   0x080027e8   0x00000002   Code   RO         1533    i.SVC_Handler       stm32f10x_it.o
    0x080027ea   0x080027ea   0x00000008   Code   RO         1584    i.SetSysClock       system_stm32f10x.o
    0x080027f2   0x080027f2   0x00000002   PAD
    0x080027f4   0x080027f4   0x000000e0   Code   RO         1585    i.SetSysClockTo72   system_stm32f10x.o
    0x080028d4   0x080028d4   0x00000028   Code   RO         1495    i.SysTick_CLKSourceConfig  misc.o
    0x080028fc   0x080028fc   0x00000010   Code   RO         1727    i.SysTick_Handler   systick.o
    0x0800290c   0x0800290c   0x00000060   Code   RO         1587    i.SystemInit        system_stm32f10x.o
    0x0800296c   0x0800296c   0x00000094   Code   RO         1728    i.SystickInit       systick.o
    0x08002a00   0x08002a00   0x000000a0   Code   RO         1785    i.USART1Init        usart.o
    0x08002aa0   0x08002aa0   0x00000054   Code   RO         1786    i.USART1_IRQHandler  usart.o
    0x08002af4   0x08002af4   0x000000a4   Code   RO         1861    i.USART2Init        usart2_dma.o
    0x08002b98   0x08002b98   0x00000088   Code   RO         1862    i.USART2_IRQHandler  usart2_dma.o
    0x08002c20   0x08002c20   0x00000064   Code   RO         1863    i.USART2_Printf     usart2_dma.o
    0x08002c84   0x08002c84   0x00000012   Code   RO         1053    i.USART_ClearFlag   stm32f10x_usart.o
    0x08002c96   0x08002c96   0x00000018   Code   RO         1057    i.USART_Cmd         stm32f10x_usart.o
    0x08002cae   0x08002cae   0x0000001a   Code   RO         1060    i.USART_GetFlagStatus  stm32f10x_usart.o
    0x08002cc8   0x08002cc8   0x0000004a   Code   RO         1063    i.USART_ITConfig    stm32f10x_usart.o
    0x08002d12   0x08002d12   0x00000002   PAD
    0x08002d14   0x08002d14   0x000000d8   Code   RO         1064    i.USART_Init        stm32f10x_usart.o
    0x08002dec   0x08002dec   0x0000000a   Code   RO         1071    i.USART_ReceiveData  stm32f10x_usart.o
    0x08002df6   0x08002df6   0x00000008   Code   RO         1074    i.USART_SendData    stm32f10x_usart.o
    0x08002dfe   0x08002dfe   0x00000004   Code   RO         1534    i.UsageFault_Handler  stm32f10x_it.o
    0x08002e02   0x08002e02   0x00000002   PAD
    0x08002e04   0x08002e04   0x0000000c   Code   RO         1233    i.WWDG_ClearFlag    stm32f10x_wwdg.o
    0x08002e10   0x08002e10   0x00000010   Code   RO         1235    i.WWDG_Enable       stm32f10x_wwdg.o
    0x08002e20   0x08002e20   0x0000000c   Code   RO         1236    i.WWDG_EnableIT     stm32f10x_wwdg.o
    0x08002e2c   0x08002e2c   0x00000038   Code   RO         2023    i.WWDG_IRQHandler   wwdg.o
    0x08002e64   0x08002e64   0x0000002a   Code   RO         2024    i.WWDG_NVIC_Init    wwdg.o
    0x08002e8e   0x08002e8e   0x00000002   PAD
    0x08002e90   0x08002e90   0x00000010   Code   RO         1238    i.WWDG_SetCounter   stm32f10x_wwdg.o
    0x08002ea0   0x08002ea0   0x00000018   Code   RO         1239    i.WWDG_SetPrescaler  stm32f10x_wwdg.o
    0x08002eb8   0x08002eb8   0x00000028   Code   RO         1240    i.WWDG_SetWindowValue  stm32f10x_wwdg.o
    0x08002ee0   0x08002ee0   0x0000000e   Code   RO         2147    i.WriteCmd          oled.o
    0x08002eee   0x08002eee   0x0000000e   Code   RO         2148    i.WriteData         oled.o
    0x08002efc   0x08002efc   0x00000028   Code   RO         2750    i.__ARM_fpclassify  m_ws.l(fpclassify.o)
    0x08002f24   0x08002f24   0x0000000e   Code   RO         2441    i._is_digit         c_w.l(__printf_wp.o)
    0x08002f32   0x08002f32   0x00000006   Code   RO         1787    i._sys_exit         usart.o
    0x08002f38   0x08002f38   0x0000001c   Code   RO         1789    i.fputc             usart.o
    0x08002f54   0x08002f54   0x0000021c   Code   RO         1622    i.main              main.o
    0x08003170   0x08003170   0x000000bc   Code   RO         1623    i.periphInit        main.o
    0x0800322c   0x0800322c   0x00000038   Code   RO         2027    i.wDelay_ms         wwdg.o
    0x08003264   0x08003264   0x00000058   Code   RO         2028    i.wwdgInit          wwdg.o
    0x080032bc   0x080032bc   0x0000002c   Code   RO         2728    locale$$code        c_w.l(lc_numeric_c.o)
    0x080032e8   0x080032e8   0x0000002c   Code   RO         2759    locale$$code        c_w.l(lc_ctype_c.o)
    0x08003314   0x08003314   0x00000004   Code   RO         2626    x$fpl$printf1       fz_ws.l(printf1.o)
    0x08003318   0x08003318   0x00000000   Code   RO         2628    x$fpl$usenofp       fz_ws.l(usenofp.o)
    0x08003318   0x08003318   0x00000818   Data   RO         2149    .constdata          oled.o
    0x08003b30   0x08003b30   0x00000011   Data   RO         2449    .constdata          c_w.l(__printf_flags_ss_wp.o)
    0x08003b41   0x08003b41   0x00000003   PAD
    0x08003b44   0x08003b44   0x00000008   Data   RO         2518    .constdata          c_w.l(_printf_wctomb.o)
    0x08003b4c   0x08003b4c   0x00000028   Data   RO         2547    .constdata          c_w.l(_printf_hex_int_ll_ptr.o)
    0x08003b74   0x08003b74   0x00000094   Data   RO         2703    .constdata          c_w.l(bigflt0.o)
    0x08003c08   0x08003c08   0x00000020   Data   RO         2807    Region$$Table       anon$$obj.o
    0x08003c28   0x08003c28   0x0000001c   Data   RO         2727    locale$$data        c_w.l(lc_numeric_c.o)
    0x08003c44   0x08003c44   0x00000110   Data   RO         2758    locale$$data        c_w.l(lc_ctype_c.o)


    Execution Region ER_RW (Exec base: 0x20000000, Load base: 0x08003d54, Size: 0x00000078, Max: 0xffffffff, ABSOLUTE)

    Exec Addr    Load Addr    Size         Type   Attr      Idx    E Section Name        Object

    0x20000000   0x08003d54   0x00000014   Data   RW          337    .data               stm32f10x_rcc.o
    0x20000014   0x08003d68   0x00000014   Data   RW         1588    .data               system_stm32f10x.o
    0x20000028   0x08003d7c   0x0000000c   Data   RW         1625    .data               main.o
    0x20000034   0x08003d88   0x00000014   Data   RW         1732    .data               systick.o
    0x20000048   0x08003d9c   0x00000006   Data   RW         1793    .data               usart.o
    0x2000004e   0x08003da2   0x00000002   PAD
    0x20000050   0x08003da4   0x00000008   Data   RW         1869    .data               usart2_dma.o
    0x20000058   0x08003dac   0x00000015   Data   RW         2030    .data               wwdg.o
    0x2000006d   0x08003dc1   0x00000001   Data   RW         2230    .data               mqx.o
    0x2000006e   0x08003dc2   0x00000002   PAD
    0x20000070   0x08003dc4   0x00000006   Data   RW         2287    .data               cs100a.o


    Execution Region ER_ZI (Exec base: 0x20000078, Load base: 0x08003dcc, Size: 0x000008b0, Max: 0xffffffff, ABSOLUTE)

    Exec Addr    Load Addr    Size         Type   Attr      Idx    E Section Name        Object

    0x20000078        -       0x00000030   Zero   RW         1624    .bss                main.o
    0x200000a8        -       0x00000010   Zero   RW         1731    .bss                systick.o
    0x200000b8        -       0x00000210   Zero   RW         1868    .bss                usart2_dma.o
    0x200002c8        -       0x00000060   Zero   RW         2632    .bss                c_w.l(libspace.o)
    0x20000328        -       0x00000200   Zero   RW           18    HEAP                startup_stm32f10x_md.o
    0x20000528        -       0x00000400   Zero   RW           17    STACK               startup_stm32f10x_md.o


==============================================================================

Image component sizes


      Code (inc. data)   RO Data    RW Data    ZI Data      Debug   Object Name

         0          0          0          0          0       4588   core_cm3.o
       360         54          0          6          0       2924   cs100a.o
       710         50          0          0          0       3285   dht11.o
       260         22          0          0          0       1784   hx711.o
       476         66          0          0          0       2569   iic.o
       884        210          0         12         48       5824   main.o
       172         22          0          0          0       2009   misc.o
       216         28          0          1          0       1312   mqx.o
       600         10       2072          0          0       5648   oled.o
        64         26        236          0       1536        796   startup_stm32f10x_md.o
         0          0          0          0          0     228560   stm32f10x_dma.o
       160         12          0          0          0       1493   stm32f10x_exti.o
       342          4          0          0          0       2574   stm32f10x_gpio.o
        24          0          0          0          0       3376   stm32f10x_it.o
       276         32          0         20          0       4370   stm32f10x_rcc.o
       376          6          0          0          0       5771   stm32f10x_usart.o
       120         32          0          0          0       3547   stm32f10x_wwdg.o
       328         28          0         20          0       2249   system_stm32f10x.o
       400         64          0         20         16      18612   systick.o
       278         22          0          6          0       4620   usart.o
       400         42          0          8        528       2841   usart2_dma.o
       262         30          0         21          0       3558   wwdg.o

    ----------------------------------------------------------------------
      6726        760       2340        120       2128     312310   Object Totals
         0          0         32          0          0          0   (incl. Generated)
        18          0          0          6          0          0   (incl. Padding)

    ----------------------------------------------------------------------

      Code (inc. data)   RO Data    RW Data    ZI Data      Debug   Library Member Name

        24          4          0          0          0         84   __2printf.o
        44          6          0          0          0         84   __2sprintf.o
         8          0          0          0          0         68   __main.o
       392          4         17          0          0         92   __printf_flags_ss_wp.o
        14          0          0          0          0         68   __printf_wp.o
         0          0          0          0          0          0   __rtentry.o
        12          0          0          0          0          0   __rtentry2.o
         6          0          0          0          0          0   __rtentry4.o
        52          8          0          0          0          0   __scatter.o
        26          0          0          0          0          0   __scatter_copy.o
        28          0          0          0          0          0   __scatter_zi.o
         6          0          0          0          0          0   _printf_a.o
         6          0          0          0          0          0   _printf_c.o
        44          0          0          0          0        108   _printf_char.o
        48          6          0          0          0         96   _printf_char_common.o
        36          4          0          0          0         80   _printf_char_file.o
        40          0          0          0          0         68   _printf_charcount.o
         6          0          0          0          0          0   _printf_d.o
       120         16          0          0          0         92   _printf_dec.o
         6          0          0          0          0          0   _printf_e.o
         6          0          0          0          0          0   _printf_f.o
      1054          0          0          0          0        216   _printf_fp_dec.o
       128         16          0          0          0         84   _printf_fp_infnan.o
         6          0          0          0          0          0   _printf_g.o
       148          4         40          0          0        160   _printf_hex_int_ll_ptr.o
         6          0          0          0          0          0   _printf_i.o
       178          0          0          0          0         88   _printf_intcommon.o
        10          0          0          0          0          0   _printf_l.o
         6          0          0          0          0          0   _printf_lc.o
        10          0          0          0          0          0   _printf_ll.o
         6          0          0          0          0          0   _printf_lld.o
         6          0          0          0          0          0   _printf_lli.o
         6          0          0          0          0          0   _printf_llo.o
         6          0          0          0          0          0   _printf_llu.o
         6          0          0          0          0          0   _printf_llx.o
       124         16          0          0          0         92   _printf_longlong_dec.o
         6          0          0          0          0          0   _printf_ls.o
         6          0          0          0          0          0   _printf_n.o
         6          0          0          0          0          0   _printf_o.o
       112         10          0          0          0        124   _printf_oct_int_ll.o
         6          0          0          0          0          0   _printf_p.o
        78          0          0          0          0        108   _printf_pad.o
         0          0          0          0          0          0   _printf_percent.o
         4          0          0          0          0          0   _printf_percent_end.o
         6          0          0          0          0          0   _printf_s.o
        82          0          0          0          0         80   _printf_str.o
        36          0          0          0          0         84   _printf_truncate.o
         6          0          0          0          0          0   _printf_u.o
        44          0          0          0          0        108   _printf_wchar.o
       188          6          8          0          0         92   _printf_wctomb.o
         6          0          0          0          0          0   _printf_x.o
        16          0          0          0          0         68   _snputc.o
        10          0          0          0          0         68   _sputc.o
        64          0          0          0          0         92   _wcrtomb.o
       228          4        148          0          0         96   bigflt0.o
      1936        128          0          0          0        672   btod.o
        52          4          0          0          0         80   c89vsnprintf.o
        18          0          0          0          0         80   exit.o
         8          0          0          0          0         68   ferror.o
         6          0          0          0          0        152   heapauxi.o
        44         10        272          0          0         76   lc_ctype_c.o
        44         10         28          0          0         76   lc_numeric_c.o
         2          0          0          0          0          0   libinit.o
        30          0          0          0          0          0   libinit2.o
         2          0          0          0          0          0   libshutdown.o
         2          0          0          0          0          0   libshutdown2.o
         8          4          0          0         96         68   libspace.o
       138          0          0          0          0         80   lludiv10.o
        16          4          0          0          0         76   rt_ctype_table.o
         8          4          0          0          0         68   rt_locale_intlibspace.o
         2          0          0          0          0          0   rtexit.o
        10          0          0          0          0          0   rtexit2.o
       128          0          0          0          0         68   strcmpv7m.o
        74          0          0          0          0         80   sys_stackheap_outer.o
         2          0          0          0          0         68   use_no_semi.o
         2          0          0          0          0         68   use_no_semi_2.o
         4          0          0          0          0         68   printf1.o
         0          0          0          0          0          0   usenofp.o
        40          0          0          0          0         68   fpclassify.o

    ----------------------------------------------------------------------
      6118        268        516          0         96       4316   Library Totals
        14          0          3          0          0          0   (incl. Padding)

    ----------------------------------------------------------------------

      Code (inc. data)   RO Data    RW Data    ZI Data      Debug   Library Name

      6060        268        513          0         96       4180   c_w.l
         4          0          0          0          0         68   fz_ws.l
        40          0          0          0          0         68   m_ws.l

    ----------------------------------------------------------------------
      6118        268        516          0         96       4316   Library Totals

    ----------------------------------------------------------------------

==============================================================================


      Code (inc. data)   RO Data    RW Data    ZI Data      Debug   

     12844       1028       2856        120       2224     310070   Grand Totals
     12844       1028       2856        120       2224     310070   ELF Image Totals
     12844       1028       2856        120          0          0   ROM Totals

==============================================================================

    Total RO  Size (Code + RO Data)                15700 (  15.33kB)
    Total RW  Size (RW Data + ZI Data)              2344 (   2.29kB)
    Total ROM Size (Code + RO Data + RW Data)      15820 (  15.45kB)

==============================================================================

